ets Jul 29 2019 12:21:46

rst:0x1 (POWERON_RESET),boot:0x13 (SPI_FAST_FLASH_BOOT)
configsip: 0, SPIWP:0xee
clk_drv:0x00,q_drv:0x00,d_drv:0x00,cs0_drv:0x00,hd_drv:0x00,wp_drv:0x00
mode:DIO, clock div:2
load:0x3fff0030,len:6276
load:0x40078000,len:15748
load:0x40080400,len:4
ho 8 tail 4 room 4
load:0x40080404,len:3860
entry 0x4008063c
[0;32mI (31) boot: ESP-IDF v5.4.1-dirty 2nd stage bootloader[0m
[0;32mI (31) boot: compile time Jun 27 2025 23:24:48[0m
[0;32mI (31) boot: Multicore bootloader[0m
[0;32mI (33) boot: chip revision: v3.1[0m
[0;32mI (36) boot.esp32: SPI Speed      : 40MHz[0m
[0;32mI (40) boot.esp32: SPI Mode       : DIO[0m
[0;32mI (43) boot.esp32: SPI Flash Size : 2MB[0m
[0;32mI (47) boot: Enabling RNG early entropy source...[0m
[0;32mI (51) boot: Partition Table:[0m
[0;32mI (54) boot: ## Label            Usage          Type ST Offset   Length[0m
[0;32mI (60) boot:  0 nvs              WiFi data        01 02 00009000 00006000[0m
[0;32mI (67) boot:  1 phy_init         RF data          01 01 0000f000 00001000[0m
[0;32mI (73) boot:  2 factory          factory app      00 00 00010000 00100000[0m
[0;32mI (80) boot: End of partition table[0m
[0;32mI (83) esp_image: segment 0: paddr=00010020 vaddr=3f400020 size=1fba8h (129960) map[0m
[0;32mI (135) esp_image: segment 1: paddr=0002fbd0 vaddr=3ff80000 size=0001ch (    28) load[0m
[0;32mI (135) esp_image: segment 2: paddr=0002fbf4 vaddr=3ffb0000 size=00424h (  1060) load[0m
[0;32mI (139) esp_image: segment 3: paddr=00030020 vaddr=400d0020 size=a1c38h (662584) map[0m
[0;32mI (373) esp_image: segment 4: paddr=000d1c60 vaddr=3ffb0424 size=03b6ch ( 15212) load[0m
[0;32mI (378) esp_image: segment 5: paddr=000d57d4 vaddr=40080000 size=178d4h ( 96468) load[0m
[0;32mI (427) boot: Loaded app from partition at offset 0x10000[0m
[0;32mI (427) boot: Disabling RNG early entropy source...[0m
[0;32mI (438) cpu_start: Multicore app[0m
[0;32mI (446) cpu_start: Pro cpu start user code[0m
[0;32mI (446) cpu_start: cpu freq: 160000000 Hz[0m
[0;32mI (446) app_init: Application information:[0m
[0;32mI (446) app_init: Project name:     mqtt5[0m
[0;32mI (450) app_init: App version:      v5.4.1-dirty[0m
[0;32mI (454) app_init: Compile time:     Jun 27 2025 23:22:57[0m
[0;32mI (459) app_init: ELF file SHA256:  ff253a1a0...[0m
[0;32mI (464) app_init: ESP-IDF:          v5.4.1-dirty[0m
[0;32mI (468) efuse_init: Min chip rev:     v0.0[0m
[0;32mI (472) efuse_init: Max chip rev:     v3.99 [0m
[0;32mI (476) efuse_init: Chip rev:         v3.1[0m
[0;32mI (480) heap_init: Initializing. RAM available for dynamic allocation:[0m
[0;32mI (486) heap_init: At 3FFAE6E0 len 00001920 (6 KiB): DRAM[0m
[0;32mI (491) heap_init: At 3FFB8828 len 000277D8 (157 KiB): DRAM[0m
[0;32mI (496) heap_init: At 3FFE0440 len 00003AE0 (14 KiB): D/IRAM[0m
[0;32mI (502) heap_init: At 3FFE4350 len 0001BCB0 (111 KiB): D/IRAM[0m
[0;32mI (507) heap_init: At 400978D4 len 0000872C (33 KiB): IRAM[0m
[0;32mI (514) spi_flash: detected chip: generic[0m
[0;32mI (516) spi_flash: flash io: dio[0m
[0;33mW (519) spi_flash: Detected size(4096k) larger than the size in the binary image header(2048k). Using the size in the binary image header.[0m
[0;32mI (532) main_task: Started on CPU0[0m
[0;32mI (542) main_task: Calling app_main()[0m
[0;32mI (542) mqtt5_example: [APP] Startup..[0m
[0;32mI (542) mqtt5_example: [APP] Free memory: 277140 bytes[0m
[0;32mI (542) mqtt5_example: [APP] IDF version: v5.4.1-dirty[0m
[0;32mI (562) example_connect: Start example_connect.[0m
[0;32mI (572) wifi:wifi driver task: 3ffc02bc, prio:23, stack:6656, core=0[0m
[0;32mI (572) wifi:wifi firmware version: 79fa3f41ba[0m
[0;32mI (572) wifi:wifi certification version: v7.0[0m
[0;32mI (572) wifi:config NVS flash: enabled[0m
[0;32mI (572) wifi:config nano formatting: disabled[0m
[0;32mI (582) wifi:Init data frame dynamic rx buffer num: 32[0m
[0;32mI (582) wifi:Init static rx mgmt buffer num: 5[0m
[0;32mI (592) wifi:Init management short buffer num: 32[0m
[0;32mI (592) wifi:Init dynamic tx buffer num: 32[0m
[0;32mI (592) wifi:Init static rx buffer size: 1600[0m
[0;32mI (602) wifi:Init static rx buffer num: 10[0m
[0;32mI (602) wifi:Init dynamic rx buffer num: 32[0m
[0;32mI (612) wifi_init: rx ba win: 6[0m
[0;32mI (612) wifi_init: accept mbox: 6[0m
[0;32mI (612) wifi_init: tcpip mbox: 32[0m
[0;32mI (622) wifi_init: udp mbox: 6[0m
[0;32mI (622) wifi_init: tcp mbox: 6[0m
[0;32mI (622) wifi_init: tcp tx win: 5760[0m
[0;32mI (622) wifi_init: tcp rx win: 5760[0m
[0;32mI (632) wifi_init: tcp mss: 1440[0m
[0;32mI (632) wifi_init: WiFi IRAM OP enabled[0m
[0;32mI (632) wifi_init: WiFi RX IRAM OP enabled[0m
[0;32mI (642) phy_init: phy_version 4860,6b7a6e5,Feb  6 2025,14:47:07[0m
[0;32mI (732) wifi:mode : sta (1c:69:20:30:71:e0)[0m
[0;32mI (732) wifi:enable tsf[0m
[0;32mI (732) example_connect: Connecting to myssid...[0m
[0;33mW (732) wifi:Password length matches WPA2 standards, authmode threshold changes from OPEN to WPA2[0m
[0;32mI (742) example_connect: Waiting for IP(s)[0m
[0;32mI (3152) example_connect: Wi-Fi disconnected 201, trying to reconnect...[0m
[0;32mI (5572) example_connect: Wi-Fi disconnected 201, trying to reconnect...[0m
[0;32mI (7982) example_connect: Wi-Fi disconnected 201, trying to reconnect...[0m
[0;32mI (10392) example_connect: Wi-Fi disconnected 201, trying to reconnect...[0m
[0;32mI (12812) example_connect: Wi-Fi disconnected 201, trying to reconnect...[0m
[0;32mI (15222) example_connect: Wi-Fi disconnected 201, trying to reconnect...[0m
[0;32mI (17642) example_connect: WiFi Connect failed 7 times, stop reconnect.[0m

assert failed: spinlock_acquire spinlock.h:142 (lock->count == 0)


Backtrace: 0x40081b3d:0x3ffba730 0x400897c1:0x3ffba750 0x4009150d:0x3ffba770 0x4008a4d2:0x3ffba890 0x4008a09c:0x3ffba8c0 0x400e0704:0x3ffba900 0x400e08ec:0x3ffba920 0x400e01c3:0x3ffbaac0 0x400d9419:0x3ffbaae0 0x4016fea7:0x3ffbab20 0x4008a265:0x3ffbab50




ELF file SHA256: ff253a1a0

Rebooting...
ets Jul 29 2019 12:21:46

rst:0xc (SW_CPU_RESET),boot:0x13 (SPI_FAST_FLASH_BOOT)
configsip: 0, SPIWP:0xee
clk_drv:0x00,q_drv:0x00,d_drv:0x00,cs0_drv:0x00,hd_drv:0x00,wp_drv:0x00
mode:DIO, clock div:2
load:0x3fff0030,len:6276
load:0x40078000,len:15748
load:0x40080400,len:4
ho 8 tail 4 room 4
load:0x40080404,len:3860
entry 0x4008063c
[0;32mI (31) boot: ESP-IDF v5.4.1-dirty 2nd stage bootloader[0m
[0;32mI (31) boot: compile time Jun 27 2025 23:24:48[0m
[0;32mI (31) boot: Multicore bootloader[0m
[0;32mI (33) boot: chip revision: v3.1[0m
[0;32mI (36) boot.esp32: SPI Speed      : 40MHz[0m
[0;32mI (39) boot.esp32: SPI Mode       : DIO[0m
[0;32mI (43) boot.esp32: SPI Flash Size : 2MB[0m
[0;32mI (47) boot: Enabling RNG early entropy source...[0m
[0;32mI (51) boot: Partition Table:[0m
[0;32mI (54) boot: ## Label            Usage          Type ST Offset   Length[0m
[0;32mI (60) boot:  0 nvs              WiFi data        01 02 00009000 00006000[0m
[0;32mI (67) boot:  1 phy_init         RF data          01 01 0000f000 00001000[0m
[0;32mI (73) boot:  2 factory          factory app      00 00 00010000 00100000[0m
[0;32mI (80) boot: End of partition table[0m
[0;32mI (83) esp_image: segment 0: paddr=00010020 vaddr=3f400020 size=1fba8h (129960) map[0m
[0;32mI (135) esp_image: segment 1: paddr=0002fbd0 vaddr=3ff80000 size=0001ch (    28) load[0m
[0;32mI (135) esp_image: segment 2: paddr=0002fbf4 vaddr=3ffb0000 size=00424h (  1060) load[0m
[0;32mI (139) esp_image: segment 3: paddr=00030020 vaddr=400d0020 size=a1c38h (662584) map[0m
[0;32mI (372) esp_image: segment 4: paddr=000d1c60 vaddr=3ffb0424 size=03b6ch ( 15212) load[0m
[0;32mI (378) esp_image: segment 5: paddr=000d57d4 vaddr=40080000 size=178d4h ( 96468) load[0m
[0;32mI (427) boot: Loaded app from partition at offset 0x10000[0m
[0;32mI (427) boot: Disabling RNG early entropy source...[0m
[0;32mI (438) cpu_start: Multicore app[0m
[0;32mI (446) cpu_start: Pro cpu start user code[0m
[0;32mI (446) cpu_start: cpu freq: 160000000 Hz[0m
[0;32mI (446) app_init: Application information:[0m
[0;32mI (446) app_init: Project name:     mqtt5[0m
[0;32mI (450) app_init: App version:      v5.4.1-dirty[0m
[0;32mI (454) app_init: Compile time:     Jun 27 2025 23:22:57[0m
[0;32mI (459) app_init: ELF file SHA256:  ff253a1a0...[0m
[0;32mI (464) app_init: ESP-IDF:          v5.4.1-dirty[0m
[0;32mI (468) efuse_init: Min chip rev:     v0.0[0m
[0;32mI (472) efuse_init: Max chip rev:     v3.99 [0m
[0;32mI (476) efuse_init: Chip rev:         v3.1[0m
[0;32mI (480) heap_init: Initializing. RAM available for dynamic allocation:[0m
[0;32mI (486) heap_init: At 3FFAE6E0 len 00001920 (6 KiB): DRAM[0m
[0;32mI (491) heap_init: At 3FFB8828 len 000277D8 (157 KiB): DRAM[0m
[0;32mI (496) heap_init: At 3FFE0440 len 00003AE0 (14 KiB): D/IRAM[0m
[0;32mI (502) heap_init: At 3FFE4350 len 0001BCB0 (111 KiB): D/IRAM[0m
[0;32mI (507) heap_init: At 400978D4 len 0000872C (33 KiB): IRAM[0m
[0;32mI (514) spi_flash: detected chip: generic[0m
[0;32mI (516) spi_flash: flash io: dio[0m
[0;33mW (519) spi_flash: Detected size(4096k) larger than the size in the binary image header(2048k). Using the size in the binary image header.[0m
[0;32mI (532) main_task: Started on CPU0[0m
[0;32mI (542) main_task: Calling app_main()[0m
[0;32mI (542) mqtt5_example: [APP] Startup..[0m
[0;32mI (542) mqtt5_example: [APP] Free memory: 277140 bytes[0m
[0;32mI (542) mqtt5_example: [APP] IDF version: v5.4.1-dirty[0m
[0;32mI (562) example_connect: Start example_connect.[0m
[0;32mI (572) wifi:wifi driver task: 3ffc02bc, prio:23, stack:6656, core=0[0m
[0;32mI (572) wifi:wifi firmware version: 79fa3f41ba[0m
[0;32mI (572) wifi:wifi certification version: v7.0[0m
[0;32mI (572) wifi:config NVS flash: enabled[0m
[0;32mI (572) wifi:config nano formatting: disabled[0m
[0;32mI (582) wifi:Init data frame dynamic rx buffer num: 32[0m
[0;32mI (582) wifi:Init static rx mgmt buffer num: 5[0m
[0;32mI (592) wifi:Init management short buffer num: 32[0m
[0;32mI (592) wifi:Init dynamic tx buffer num: 32[0m
[0;32mI (592) wifi:Init static rx buffer size: 1600[0m
[0;32mI (602) wifi:Init static rx buffer num: 10[0m
[0;32mI (602) wifi:Init dynamic rx buffer num: 32[0m
[0;32mI (612) wifi_init: rx ba win: 6[0m
[0;32mI (612) wifi_init: accept mbox: 6[0m
[0;32mI (612) wifi_init: tcpip mbox: 32[0m
[0;32mI (622) wifi_init: udp mbox: 6[0m
[0;32mI (622) wifi_init: tcp mbox: 6[0m
[0;32mI (622) wifi_init: tcp tx win: 5760[0m
[0;32mI (622) wifi_init: tcp rx win: 5760[0m
[0;32mI (632) wifi_init: tcp mss: 1440[0m
[0;32mI (632) wifi_init: WiFi IRAM OP enabled[0m
[0;32mI (632) wifi_init: WiFi RX IRAM OP enabled[0m
[0;32mI (642) phy_init: phy_version 4860,6b7a6e5,Feb  6 2025,14:47:07[0m
[0;32mI (732) wifi:mode : sta (1c:69:20:30:71:e0)[0m
[0;32mI (732) wifi:enable tsf[0m
[0;32mI (732) example_connect: Connecting to myssid...[0m
[0;33mW (732) wifi:Password length matches WPA2 standards, authmode threshold changes from OPEN to WPA2[0m
[0;32mI (742) example_connect: Waiting for IP(s)[0m
[0;32mI (3152) example_connect: Wi-Fi disconnected 201, trying to reconnect...[0m
[0;32mI (5572) example_connect: Wi-Fi disconnected 201, trying to reconnect...[0m
[0;32mI (7982) example_connect: Wi-Fi disconnected 201, trying to reconnect...[0m
[0;32mI (10402) example_connect: Wi-Fi disconnected 201, trying to reconnect...[0m
[0;32mI (12812) example_connect: Wi-Fi disconnected 201, trying to reconnect...[0m
[0;32mI (15222) example_connect: Wi-Fi disconnected 201, trying to reconnect...[0m
[0;32mI (17642) example_connect: WiFi Connect failed 7 times, stop reconnect.[0m

assert failed: spinlock_acquire spinlock.h:142 (lock->count == 0)


Backtrace: 0x40081b3d:0x3ffba730 0x400897c1:0x3ffba750 0x4009150d:0x3ffba770 0x4008a4d2:0x3ffba890 0x4008a09c:0x3ffba8c0 0x400e0704:0x3ffba900 0x400e08ec:0x3ffba920 0x400e01c3:0x3ffbaac0 0x400d9419:0x3ffbaae0 0x4016fea7:0x3ffbab20 0x4008a265:0x3ffbab50




ELF file SHA256: ff253a1a0

Rebooting...
ets Jul 29 2019 12:21:46

rst:0xc (SW_CPU_RESET),boot:0x13 (SPI_FAST_FLASH_BOOT)
configsip: 0, SPIWP:0xee
clk_drv:0x00,q_drv:0x00,d_drv:0x00,cs0_drv:0x00,hd_drv:0x00,wp_drv:0x00
mode:DIO, clock div:2
load:0x3fff0030,len:6276
load:0x40078000,len:15748
load:0x40080400,len:4
ho 8 tail 4 room 4
load:0x40080404,len:3860
entry 0x4008063c
[0;32mI (31) boot: ESP-IDF v5.4.1-dirty 2nd stage bootloader[0m
[0;32mI (31) boot: compile time Jun 27 2025 23:24:48[0m
[0;32mI (31) boot: Multicore bootloader[0m
[0;32mI (33) boot: chip revision: v3.1[0m
[0;32mI (36) boot.esp32: SPI Speed      : 40MHz[0m
[0;32mI (39) boot.esp32: SPI Mode       : DIO[0m
[0;32mI (43) boot.esp32: SPI Flash Size : 2MB[0m
[0;32mI (47) boot: Enabling RNG early entropy source...[0m
[0;32mI (51) boot: Partition Table:[0m
[0;32mI (54) boot: ## Label            Usage          Type ST Offset   Length[0m
[0;32mI (60) boot:  0 nvs              WiFi data        01 02 00009000 00006000[0m
[0;32mI (67) boot:  1 phy_init         RF data          01 01 0000f000 00001000[0m
[0;32mI (73) boot:  2 factory          factory app      00 00 00010000 00100000[0m
[0;32mI (80) boot: End of partition table[0m
[0;32mI (83) esp_image: segment 0: paddr=00010020 vaddr=3f400020 size=1fba8h (129960) map[0m
[0;32mI (135) esp_image: segment 1: paddr=0002fbd0 vaddr=3ff80000 size=0001ch (    28) load[0m
[0;32mI (135) esp_image: segment 2: paddr=0002fbf4 vaddr=3ffb0000 size=00424h (  1060) load[0m
[0;32mI (139) esp_image: segment 3: paddr=00030020 vaddr=400d0020 size=a1c38h (662584) map[0m
[0;32mI (372) esp_image: segment 4: paddr=000d1c60 vaddr=3ffb0424 size=03b6ch ( 15212) load[0m
[0;32mI (378) esp_image: segment 5: paddr=000d57d4 vaddr=40080000 size=178d4h ( 96468) load[0m
[0;32mI (427) boot: Loaded app from partition at offset 0x10000[0m
[0;32mI (427) boot: Disabling RNG early entropy source...[0m
[0;32mI (438) cpu_start: Multicore app[0m
[0;32mI (446) cpu_start: Pro cpu start user code[0m
[0;32mI (446) cpu_start: cpu freq: 160000000 Hz[0m
[0;32mI (446) app_init: Application information:[0m
[0;32mI (446) app_init: Project name:     mqtt5[0m
[0;32mI (450) app_init: App version:      v5.4.1-dirty[0m
[0;32mI (454) app_init: Compile time:     Jun 27 2025 23:22:57[0m
[0;32mI (459) app_init: ELF file SHA256:  ff253a1a0...[0m
[0;32mI (464) app_init: ESP-IDF:          v5.4.1-dirty[0m
[0;32mI (468) efuse_init: Min chip rev:     v0.0[0m
[0;32mI (472) efuse_init: Max chip rev:     v3.99 [0m
[0;32mI (476) efuse_init: Chip rev:         v3.1[0m
[0;32mI (480) heap_init: Initializing. RAM available for dynamic allocation:[0m
[0;32mI (486) heap_init: At 3FFAE6E0 len 00001920 (6 KiB): DRAM[0m
[0;32mI (491) heap_init: At 3FFB8828 len 000277D8 (157 KiB): DRAM[0m
[0;32mI (496) heap_init: At 3FFE0440 len 00003AE0 (14 KiB): D/IRAM[0m
[0;32mI (502) heap_init: At 3FFE4350 len 0001BCB0 (111 KiB): D/IRAM[0m
[0;32mI (507) heap_init: At 400978D4 len 0000872C (33 KiB): IRAM[0m
[0;32mI (514) spi_flash: detected chip: generic[0m
[0;32mI (516) spi_flash: flash io: dio[0m
[0;33mW (519) spi_flash: Detected size(4096k) larger than the size in the binary image header(2048k). Using the size in the binary image header.[0m
[0;32mI (532) main_task: Started on CPU0[0m
[0;32mI (542) main_task: Calling app_main()[0m
[0;32mI (542) mqtt5_example: [APP] Startup..[0m
[0;32mI (542) mqtt5_example: [APP] Free memory: 277140 bytes[0m
[0;32mI (542) mqtt5_example: [APP] IDF version: v5.4.1-dirty[0m
[0;32mI (562) example_connect: Start example_connect.[0m
[0;32mI (572) wifi:wifi driver task: 3ffc02bc, prio:23, stack:6656, core=0[0m
[0;32mI (572) wifi:wifi firmware version: 79fa3f41ba[0m
[0;32mI (572) wifi:wifi certification version: v7.0[0m
[0;32mI (572) wifi:config NVS flash: enabled[0m
[0;32mI (572) wifi:config nano formatting: disabled[0m
[0;32mI (582) wifi:Init data frame dynamic rx buffer num: 32[0m
[0;32mI (582) wifi:Init static rx mgmt buffer num: 5[0m
[0;32mI (592) wifi:Init management short buffer num: 32[0m
[0;32mI (592) wifi:Init dynamic tx buffer num: 32[0m
[0;32mI (592) wifi:Init static rx buffer size: 1600[0m
[0;32mI (602) wifi:Init static rx buffer num: 10[0m
[0;32mI (602) wifi:Init dynamic rx buffer num: 32[0m
[0;32mI (612) wifi_init: rx ba win: 6[0m
[0;32mI (612) wifi_init: accept mbox: 6[0m
[0;32mI (612) wifi_init: tcpip mbox: 32[0m
[0;32mI (622) wifi_init: udp mbox: 6[0m
[0;32mI (622) wifi_init: tcp mbox: 6[0m
[0;32mI (622) wifi_init: tcp tx win: 5760[0m
[0;32mI (622) wifi_init: tcp rx win: 5760[0m
[0;32mI (632) wifi_init: tcp mss: 1440[0m
[0;32mI (632) wifi_init: WiFi IRAM OP enabled[0m
[0;32mI (632) wifi_init: WiFi RX IRAM OP enabled[0m
[0;32mI (642) phy_init: phy_version 4860,6b7a6e5,Feb  6 2025,14:47:07[0m
[0;32mI (732) wifi:mode : sta (1c:69:20:30:71:e0)[0m
[0;32mI (732) wifi:enable tsf[0m
[0;32mI (732) example_connect: Connecting to myssid...[0m
[0;33mW (732) wifi:Password length matches WPA2 standards, authmode threshold changes from OPEN to WPA2[0m
[0;32mI (742) example_connect: Waiting for IP(s)[0m
[0;32mI (3152) example_connect: Wi-Fi disconnected 201, trying to reconnect...[0m
[0;32mI (5572) example_connect: Wi-Fi disconnected 201, trying to reconnect...[0m
[0;32mI (7982) example_connect: Wi-Fi disconnected 201, trying to reconnect...[0m
[0;32mI (10402) example_connect: Wi-Fi disconnected 201, trying to reconnect...[0m
[0;32mI (12812) example_connect: Wi-Fi disconnected 201, trying to reconnect...[0m
[0;32mI (15222) example_connect: Wi-Fi disconnected 201, trying to reconnect...[0m
[0;32mI (17642) example_connect: WiFi Connect failed 7 times, stop reconnect.[0m

assert failed: spinlock_acquire spinlock.h:142 (lock->count == 0)


Backtrace: 0x40081b3d:0x3ffba730 0x400897c1:0x3ffba750 0x4009150d:0x3ffba770 0x4008a4d2:0x3ffba890 0x4008a09c:0x3ffba8c0 0x400e0704:0x3ffba900 0x400e08ec:0x3ffba920 0x400e01c3:0x3ffbaac0 0x400d9419:0x3ffbaae0 0x4016fea7:0x3ffbab20 0x4008a265:0x3ffbab50




ELF file SHA256: ff253a1a0

Rebooting...
ets Jul 29 2019 12:21:46

rst:0xc (SW_CPU_RESET),boot:0x13 (SPI_FAST_FLASH_BOOT)
configsip: 0, SPIWP:0xee
clk_drv:0x00,q_drv:0x00,d_drv:0x00,cs0_drv:0x00,hd_drv:0x00,wp_drv:0x00
mode:DIO, clock div:2
load:0x3fff0030,len:6276
load:0x40078000,len:15748
load:0x40080400,len:4
ho 8 tail 4 room 4
load:0x40080404,len:3860
entry 0x4008063c
[0;32mI (31) boot: ESP-IDF v5.4.1-dirty 2nd stage bootloader[0m
[0;32mI (31) boot: compile time Jun 27 2025 23:24:48[0m
[0;32mI (31) boot: Multicore bootloader[0m
[0;32mI (33) boot: chip revision: v3.1[0m
[0;32mI (36) boot.esp32: SPI Speed      : 40MHz[0m
[0;32mI (39) boot.esp32: SPI Mode       : DIO[0m
[0;32mI (43) boot.esp32: SPI Flash Size : 2MB[0m
[0;32mI (47) boot: Enabling RNG early entropy source...[0m
[0;32mI (51) boot: Partition Table:[0m
[0;32mI (54) boot: ## Label            Usage          Type ST Offset   Length[0m
[0;32mI (60) boot:  0 nvs              WiFi data        01 02 00009000 00006000[0m
[0;32mI (67) boot:  1 phy_init         RF data          01 01 0000f000 00001000[0m
[0;32mI (73) boot:  2 factory          factory app      00 00 00010000 00100000[0m
[0;32mI (80) boot: End of partition table[0m
[0;32mI (83) esp_image: segment 0: paddr=00010020 vaddr=3f400020 size=1fba8h (129960) map[0m
[0;32mI (135) esp_image: segment 1: paddr=0002fbd0 vaddr=3ff80000 size=0001ch (    28) load[0m
[0;32mI (135) esp_image: segment 2: paddr=0002fbf4 vaddr=3ffb0000 size=00424h (  1060) load[0m
[0;32mI (139) esp_image: segment 3: paddr=00030020 vaddr=400d0020 size=a1c38h (662584) map[0m
[0;32mI (372) esp_image: segment 4: paddr=000d1c60 vaddr=3ffb0424 size=03b6ch ( 15212) load[0m
[0;32mI (378) esp_image: segment 5: paddr=000d57d4 vaddr=40080000 size=178d4h ( 96468) load[0m
[0;32mI (427) boot: Loaded app from partition at offset 0x10000[0m
[0;32mI (427) boot: Disabling RNG early entropy source...[0m
[0;32mI (438) cpu_start: Multicore app[0m
[0;32mI (446) cpu_start: Pro cpu start user code[0m
[0;32mI (446) cpu_start: cpu freq: 160000000 Hz[0m
[0;32mI (446) app_init: Application information:[0m
[0;32mI (446) app_init: Project name:     mqtt5[0m
[0;32mI (450) app_init: App version:      v5.4.1-dirty[0m
[0;32mI (454) app_init: Compile time:     Jun 27 2025 23:22:57[0m
[0;32mI (459) app_init: ELF file SHA256:  ff253a1a0...[0m
[0;32mI (464) app_init: ESP-IDF:          v5.4.1-dirty[0m
[0;32mI (468) efuse_init: Min chip rev:     v0.0[0m
[0;32mI (472) efuse_init: Max chip rev:     v3.99 [0m
[0;32mI (476) efuse_init: Chip rev:         v3.1[0m
[0;32mI (480) heap_init: Initializing. RAM available for dynamic allocation:[0m
[0;32mI (486) heap_init: At 3FFAE6E0 len 00001920 (6 KiB): DRAM[0m
[0;32mI (491) heap_init: At 3FFB8828 len 000277D8 (157 KiB): DRAM[0m
[0;32mI (496) heap_init: At 3FFE0440 len 00003AE0 (14 KiB): D/IRAM[0m
[0;32mI (502) heap_init: At 3FFE4350 len 0001BCB0 (111 KiB): D/IRAM[0m
[0;32mI (507) heap_init: At 400978D4 len 0000872C (33 KiB): IRAM[0m
[0;32mI (514) spi_flash: detected chip: generic[0m
[0;32mI (516) spi_flash: flash io: dio[0m
[0;33mW (519) spi_flash: Detected size(4096k) larger than the size in the binary image header(2048k). Using the size in the binary image header.[0m
[0;32mI (532) main_task: Started on CPU0[0m
[0;32mI (542) main_task: Calling app_main()[0m
[0;32mI (542) mqtt5_example: [APP] Startup..[0m
[0;32mI (542) mqtt5_example: [APP] Free memory: 277140 bytes[0m
[0;32mI (542) mqtt5_example: [APP] IDF version: v5.4.1-dirty[0m
[0;32mI (562) example_connect: Start example_connect.[0m
[0;32mI (572) wifi:wifi driver task: 3ffc02bc, prio:23, stack:6656, core=0[0m
[0;32mI (572) wifi:wifi firmware version: 79fa3f41ba[0m
[0;32mI (572) wifi:wifi certification version: v7.0[0m
[0;32mI (572) wifi:config NVS flash: enabled[0m
[0;32mI (572) wifi:config nano formatting: disabled[0m
[0;32mI (582) wifi:Init data frame dynamic rx buffer num: 32[0m
[0;32mI (582) wifi:Init static rx mgmt buffer num: 5[0m
[0;32mI (592) wifi:Init management short buffer num: 32[0m
[0;32mI (592) wifi:Init dynamic tx buffer num: 32[0m
[0;32mI (592) wifi:Init static rx buffer size: 1600[0m
[0;32mI (602) wifi:Init static rx buffer num: 10[0m
[0;32mI (602) wifi:Init dynamic rx buffer num: 32[0m
[0;32mI (612) wifi_init: rx ba win: 6[0m
[0;32mI (612) wifi_init: accept mbox: 6[0m
[0;32mI (612) wifi_init: tcpip mbox: 32[0m
[0;32mI (622) wifi_init: udp mbox: 6[0m
[0;32mI (622) wifi_init: tcp mbox: 6[0m
[0;32mI (622) wifi_init: tcp tx win: 5760[0m
[0;32mI (622) wifi_init: tcp rx win: 5760[0m
[0;32mI (632) wifi_init: tcp mss: 1440[0m
[0;32mI (632) wifi_init: WiFi IRAM OP enabled[0m
[0;32mI (632) wifi_init: WiFi RX IRAM OP enabled[0m
[0;32mI (642) phy_init: phy_version 4860,6b7a6e5,Feb  6 2025,14:47:07[0m
[0;32mI (732) wifi:mode : sta (1c:69:20:30:71:e0)[0m
[0;32mI (732) wifi:enable tsf[0m
[0;32mI (732) example_connect: Connecting to myssid...[0m
[0;33mW (732) wifi:Password length matches WPA2 standards, authmode threshold changes from OPEN to WPA2[0m
[0;32mI (742) example_connect: Waiting for IP(s)[0m
[0;32mI (3152) example_connect: Wi-Fi disconnected 201, trying to reconnect...[0m
[0;32mI (5572) example_connect: Wi-Fi disconnected 201, trying to reconnect...[0m
[0;32mI (7982) example_connect: Wi-Fi disconnected 201, trying to reconnect...[0m
[0;32mI (10392) example_connect: Wi-Fi disconnected 201, trying to reconnect...[0m
[0;32mI (12812) example_connect: Wi-Fi disconnected 201, trying to reconnect...[0m
[0;32mI (15222) example_connect: Wi-Fi disconnected 201, trying to reconnect...[0m
[0;32mI (17642) example_connect: WiFi Connect failed 7 times, stop reconnect.[0m

assert failed: spinlock_acquire spinlock.h:142 (lock->count == 0)


Backtrace: 0x40081b3d:0x3ffba730 0x400897c1:0x3ffba750 0x4009150d:0x3ffba770 0x4008a4d2:0x3ffba890 0x4008a09c:0x3ffba8c0 0x400e0704:0x3ffba900 0x400e08ec:0x3ffba920 0x400e01c3:0x3ffbaac0 0x400d9419:0x3ffbaae0 0x4016fea7:0x3ffbab20 0x4008a265:0x3ffbab50




ELF file SHA256: ff253a1a0

Rebooting...
ets Jul 29 2019 12:21:46

rst:0xc (SW_CPU_RESET),boot:0x13 (SPI_FAST_FLASH_BOOT)
configsip: 0, SPIWP:0xee
clk_drv:0x00,q_drv:0x00,d_drv:0x00,cs0_drv:0x00,hd_drv:0x00,wp_drv:0x00
mode:DIO, clock div:2
load:0x3fff0030,len:6276
load:0x40078000,len:15748
load:0x40080400,len:4
ho 8 tail 4 room 4
load:0x40080404,len:3860
entry 0x4008063c
[0;32mI (31) boot: ESP-IDF v5.4.1-dirty 2nd stage bootloader[0m
[0;32mI (31) boot: compile time Jun 27 2025 23:24:48[0m
[0;32mI (31) boot: Multicore bootloader[0m
[0;32mI (33) boot: chip revision: v3.1[0m
[0;32mI (36) boot.esp32: SPI Speed      : 40MHz[0m
[0;32mI (39) boot.esp32: SPI Mode       : DIO[0m
[0;32mI (43) boot.esp32: SPI Flash Size : 2MB[0m
[0;32mI (47) boot: Enabling RNG early entropy source...[0m
[0;32mI (51) boot: Partition Table:[0m
[0;32mI (54) boot: ## Label            Usage          Type ST Offset   Length[0m
[0;32mI (60) boot:  0 nvs              WiFi data        01 02 00009000 00006000[0m
[0;32mI (67) boot:  1 phy_init         RF data          01 01 0000f000 00001000[0m
[0;32mI (73) boot:  2 factory          factory app      00 00 00010000 00100000[0m
[0;32mI (80) boot: End of partition table[0m
[0;32mI (83) esp_image: segment 0: paddr=00010020 vaddr=3f400020 size=1fba8h (129960) map[0m
[0;32mI (135) esp_image: segment 1: paddr=0002fbd0 vaddr=3ff80000 size=0001ch (    28) load[0m
[0;32mI (135) esp_image: segment 2: paddr=0002fbf4 vaddr=3ffb0000 size=00424h (  1060) load[0m
[0;32mI (139) esp_image: segment 3: paddr=00030020 vaddr=400d0020 size=a1c38h (662584) map[0m
[0;32mI (372) esp_image: segment 4: paddr=000d1c60 vaddr=3ffb0424 size=03b6ch ( 15212) load[0m
[0;32mI (378) esp_image: segment 5: paddr=000d57d4 vaddr=40080000 size=178d4h ( 96468) load[0m
[0;32mI (427) boot: Loaded app from partition at offset 0x10000[0m
[0;32mI (427) boot: Disabling RNG early entropy source...[0m
[0;32mI (438) cpu_start: Multicore app[0m
[0;32mI (446) cpu_start: Pro cpu start user code[0m
[0;32mI (446) cpu_start: cpu freq: 160000000 Hz[0m
[0;32mI (446) app_init: Application information:[0m
[0;32mI (446) app_init: Project name:     mqtt5[0m
[0;32mI (450) app_init: App version:      v5.4.1-dirty[0m
[0;32mI (454) app_init: Compile time:     Jun 27 2025 23:22:57[0m
[0;32mI (459) app_init: ELF file SHA256:  ff253a1a0...[0m
[0;32mI (464) app_init: ESP-IDF:          v5.4.1-dirty[0m
[0;32mI (468) efuse_init: Min chip rev:     v0.0[0m
[0;32mI (472) efuse_init: Max chip rev:     v3.99 [0m
[0;32mI (476) efuse_init: Chip rev:         v3.1[0m
[0;32mI (480) heap_init: Initializing. RAM available for dynamic allocation:[0m
[0;32mI (486) heap_init: At 3FFAE6E0 len 00001920 (6 KiB): DRAM[0m
[0;32mI (491) heap_init: At 3FFB8828 len 000277D8 (157 KiB): DRAM[0m
[0;32mI (496) heap_init: At 3FFE0440 len 00003AE0 (14 KiB): D/IRAM[0m
[0;32mI (502) heap_init: At 3FFE4350 len 0001BCB0 (111 KiB): D/IRAM[0m
[0;32mI (507) heap_init: At 400978D4 len 0000872C (33 KiB): IRAM[0m
[0;32mI (514) spi_flash: detected chip: generic[0m
[0;32mI (516) spi_flash: flash io: dio[0m
[0;33mW (519) spi_flash: Detected size(4096k) larger than the size in the binary image header(2048k). Using the size in the binary image header.[0m
[0;32mI (532) main_task: Started on CPU0[0m
[0;32mI (542) main_task: Calling app_main()[0m
[0;32mI (542) mqtt5_example: [APP] Startup..[0m
[0;32mI (542) mqtt5_example: [APP] Free memory: 277140 bytes[0m
[0;32mI (542) mqtt5_example: [APP] IDF version: v5.4.1-dirty[0m
[0;32mI (562) example_connect: Start example_connect.[0m
[0;32mI (572) wifi:wifi driver task: 3ffc02bc, prio:23, stack:6656, core=0[0m
[0;32mI (572) wifi:wifi firmware version: 79fa3f41ba[0m
[0;32mI (572) wifi:wifi certification version: v7.0[0m
[0;32mI (572) wifi:config NVS flash: enabled[0m
[0;32mI (572) wifi:config nano formatting: disabled[0m
[0;32mI (582) wifi:Init data frame dynamic rx buffer num: 32[0m
[0;32mI (582) wifi:Init static rx mgmt buffer num: 5[0m
[0;32mI (592) wifi:Init management short buffer num: 32[0m
[0;32mI (592) wifi:Init dynamic tx buffer num: 32[0m
[0;32mI (592) wifi:Init static rx buffer size: 1600[0m
[0;32mI (602) wifi:Init static rx buffer num: 10[0m
[0;32mI (602) wifi:Init dynamic rx buffer num: 32[0m
[0;32mI (612) wifi_init: rx ba win: 6[0m
[0;32mI (612) wifi_init: accept mbox: 6[0m
[0;32mI (612) wifi_init: tcpip mbox: 32[0m
[0;32mI (622) wifi_init: udp mbox: 6[0m
[0;32mI (622) wifi_init: tcp mbox: 6[0m
[0;32mI (622) wifi_init: tcp tx win: 5760[0m
[0;32mI (622) wifi_init: tcp rx win: 5760[0m
[0;32mI (632) wifi_init: tcp mss: 1440[0m
[0;32mI (632) wifi_init: WiFi IRAM OP enabled[0m
[0;32mI (632) wifi_init: WiFi RX IRAM OP enabled[0m
[0;32mI (642) phy_init: phy_version 4860,6b7a6e5,Feb  6 2025,14:47:07[0m
[0;32mI (732) wifi:mode : sta (1c:69:20:30:71:e0)[0m
[0;32mI (732) wifi:enable tsf[0m
[0;32mI (732) example_connect: Connecting to myssid...[0m
[0;33mW (732) wifi:Password length matches WPA2 standards, authmode threshold changes from OPEN to WPA2[0m
[0;32mI (742) example_connect: Waiting for IP(s)[0m
[0;32mI (3152) example_connect: Wi-Fi disconnected 201, trying to reconnect...[0m
[0;32mI (5572) example_connect: Wi-Fi disconnected 201, trying to reconnect...[0m
[0;32mI (7982) example_connect: Wi-Fi disconnected 201, trying to reconnect...[0m
[0;32mI (10392) example_connect: Wi-Fi disconnected 201, trying to reconnect...[0m
[0;32mI (12812) example_connect: Wi-Fi disconnected 201, trying to reconnect...[0m
[0;32mI (15222) example_connect: Wi-Fi disconnected 201, trying to reconnect...[0m
[0;32mI (17642) example_connect: WiFi Connect failed 7 times, stop reconnect.[0m

assert failed: spinlock_acquire spinlock.h:142 (lock->count == 0)


Backtrace: 0x40081b3d:0x3ffba730 0x400897c1:0x3ffba750 0x4009150d:0x3ffba770 0x4008a4d2:0x3ffba890 0x4008a09c:0x3ffba8c0 0x400e0704:0x3ffba900 0x400e08ec:0x3ffba920 0x400e01c3:0x3ffbaac0 0x400d9419:0x3ffbaae0 0x4016fea7:0x3ffbab20 0x4008a265:0x3ffbab50




ELF file SHA256: ff253a1a0

Rebooting...
ets Jul 29 2019 12:21:46

rst:0xc (SW_CPU_RESET),boot:0x13 (SPI_FAST_FLASH_BOOT)
configsip: 0, SPIWP:0xee
clk_drv:0x00,q_drv:0x00,d_drv:0x00,cs0_drv:0x00,hd_drv:0x00,wp_drv:0x00
mode:DIO, clock div:2
load:0x3fff0030,len:6276
load:0x40078000,len:15748
load:0x40080400,len:4
ho 8 tail 4 room 4
load:0x40080404,len:3860
entry 0x4008063c
[0;32mI (31) boot: ESP-IDF v5.4.1-dirty 2nd stage bootloader[0m
[0;32mI (31) boot: compile time Jun 27 2025 23:24:48[0m
[0;32mI (31) boot: Multicore bootloader[0m
[0;32mI (33) boot: chip revision: v3.1[0m
[0;32mI (36) boot.esp32: SPI Speed      : 40MHz[0m
[0;32mI (39) boot.esp32: SPI Mode       : DIO[0m
[0;32mI (43) boot.esp32: SPI Flash Size : 2MB[0m
[0;32mI (47) boot: Enabling RNG early entropy source...[0m
[0;32mI (51) boot: Partition Table:[0m
[0;32mI (54) boot: ## Label            Usage          Type ST Offset   Length[0m
[0;32mI (60) boot:  0 nvs              WiFi data        01 02 00009000 00006000[0m
[0;32mI (67) boot:  1 phy_init         RF data          01 01 0000f000 00001000[0m
[0;32mI (73) boot:  2 factory          factory app      00 00 00010000 00100000[0m
[0;32mI (80) boot: End of partition table[0m
[0;32mI (83) esp_image: segment 0: paddr=00010020 vaddr=3f400020 size=1fba8h (129960) map[0m
[0;32mI (135) esp_image: segment 1: paddr=0002fbd0 vaddr=3ff80000 size=0001ch (    28) load[0m
[0;32mI (135) esp_image: segment 2: paddr=0002fbf4 vaddr=3ffb0000 size=00424h (  1060) load[0m
[0;32mI (139) esp_image: segment 3: paddr=00030020 vaddr=400d0020 size=a1c38h (662584) map[0m
[0;32mI (372) esp_image: segment 4: paddr=000d1c60 vaddr=3ffb0424 size=03b6ch ( 15212) load[0m
[0;32mI (378) esp_image: segment 5: paddr=000d57d4 vaddr=40080000 size=178d4h ( 96468) load[0m
[0;32mI (427) boot: Loaded app from partition at offset 0x10000[0m
[0;32mI (427) boot: Disabling RNG early entropy source...[0m
[0;32mI (438) cpu_start: Multicore app[0m
[0;32mI (446) cpu_start: Pro cpu start user code[0m
[0;32mI (446) cpu_start: cpu freq: 160000000 Hz[0m
[0;32mI (446) app_init: Application information:[0m
[0;32mI (446) app_init: Project name:     mqtt5[0m
[0;32mI (450) app_init: App version:      v5.4.1-dirty[0m
[0;32mI (454) app_init: Compile time:     Jun 27 2025 23:22:57[0m
[0;32mI (459) app_init: ELF file SHA256:  ff253a1a0...[0m
[0;32mI (464) app_init: ESP-IDF:          v5.4.1-dirty[0m
[0;32mI (468) efuse_init: Min chip rev:     v0.0[0m
[0;32mI (472) efuse_init: Max chip rev:     v3.99 [0m
[0;32mI (476) efuse_init: Chip rev:         v3.1[0m
[0;32mI (480) heap_init: Initializing. RAM available for dynamic allocation:[0m
[0;32mI (486) heap_init: At 3FFAE6E0 len 00001920 (6 KiB): DRAM[0m
[0;32mI (491) heap_init: At 3FFB8828 len 000277D8 (157 KiB): DRAM[0m
[0;32mI (496) heap_init: At 3FFE0440 len 00003AE0 (14 KiB): D/IRAM[0m
[0;32mI (502) heap_init: At 3FFE4350 len 0001BCB0 (111 KiB): D/IRAM[0m
[0;32mI (507) heap_init: At 400978D4 len 0000872C (33 KiB): IRAM[0m
[0;32mI (514) spi_flash: detected chip: generic[0m
[0;32mI (516) spi_flash: flash io: dio[0m
[0;33mW (519) spi_flash: Detected size(4096k) larger than the size in the binary image header(2048k). Using the size in the binary image header.[0m
[0;32mI (532) main_task: Started on CPU0[0m
[0;32mI (542) main_task: Calling app_main()[0m
[0;32mI (542) mqtt5_example: [APP] Startup..[0m
[0;32mI (542) mqtt5_example: [APP] Free memory: 277140 bytes[0m
[0;32mI (542) mqtt5_example: [APP] IDF version: v5.4.1-dirty[0m
[0;32mI (562) example_connect: Start example_connect.[0m
[0;32mI (572) wifi:wifi driver task: 3ffc02bc, prio:23, stack:6656, core=0[0m
[0;32mI (572) wifi:wifi firmware version: 79fa3f41ba[0m
[0;32mI (572) wifi:wifi certification version: v7.0[0m
[0;32mI (572) wifi:config NVS flash: enabled[0m
[0;32mI (572) wifi:config nano formatting: disabled[0m
[0;32mI (582) wifi:Init data frame dynamic rx buffer num: 32[0m
[0;32mI (582) wifi:Init static rx mgmt buffer num: 5[0m
[0;32mI (592) wifi:Init management short buffer num: 32[0m
[0;32mI (592) wifi:Init dynamic tx buffer num: 32[0m
[0;32mI (592) wifi:Init static rx buffer size: 1600[0m
[0;32mI (602) wifi:Init static rx buffer num: 10[0m
[0;32mI (602) wifi:Init dynamic rx buffer num: 32[0m
[0;32mI (612) wifi_init: rx ba win: 6[0m
[0;32mI (612) wifi_init: accept mbox: 6[0m
[0;32mI (612) wifi_init: tcpip mbox: 32[0m
[0;32mI (622) wifi_init: udp mbox: 6[0m
[0;32mI (622) wifi_init: tcp mbox: 6[0m
[0;32mI (622) wifi_init: tcp tx win: 5760[0m
[0;32mI (622) wifi_init: tcp rx win: 5760[0m
[0;32mI (632) wifi_init: tcp mss: 1440[0m
[0;32mI (632) wifi_init: WiFi IRAM OP enabled[0m
[0;32mI (632) wifi_init: WiFi RX IRAM OP enabled[0m
[0;32mI (642) phy_init: phy_version 4860,6b7a6e5,Feb  6 2025,14:47:07[0m
[0;32mI (732) wifi:mode : sta (1c:69:20:30:71:e0)[0m
[0;32mI (732) wifi:enable tsf[0m
[0;32mI (732) example_connect: Connecting to myssid...[0m
[0;33mW (732) wifi:Password length matches WPA2 standards, authmode threshold changes from OPEN to WPA2[0m
[0;32mI (742) example_connect: Waiting for IP(s)[0m
[0;32mI (3152) example_connect: Wi-Fi disconnected 201, trying to reconnect...[0m
[0;32mI (5572) example_connect: Wi-Fi disconnected 201, trying to reconnect...[0m
[0;32mI (7982) example_connect: Wi-Fi disconnected 201, trying to reconnect...[0m
[0;32mI (10392) example_connect: Wi-Fi disconnected 201, trying to reconnect...[0m
[0;32mI (12812) example_connect: Wi-Fi disconnected 201, trying to reconnect...[0m
[0;32mI (15222) example_connect: Wi-Fi disconnected 201, trying to reconnect...[0m
[0;32mI (17642) example_connect: WiFi Connect failed 7 times, stop reconnect.[0m

assert failed: spinlock_acquire spinlock.h:142 (lock->count == 0)


Backtrace: 0x40081b3d:0x3ffba730 0x400897c1:0x3ffba750 0x4009150d:0x3ffba770 0x4008a4d2:0x3ffba890 0x4008a09c:0x3ffba8c0 0x400e0704:0x3ffba900 0x400e08ec:0x3ffba920 0x400e01c3:0x3ffbaac0 0x400d9419:0x3ffbaae0 0x4016fea7:0x3ffbab20 0x4008a265:0x3ffbab50




ELF file SHA256: ff253a1a0

Rebooting...
ets Jul 29 2019 12:21:46

rst:0xc (SW_CPU_RESET),boot:0x13 (SPI_FAST_FLASH_BOOT)
configsip: 0, SPIWP:0xee
clk_drv:0x00,q_drv:0x00,d_drv:0x00,cs0_drv:0x00,hd_drv:0x00,wp_drv:0x00
mode:DIO, clock div:2
load:0x3fff0030,len:6276
load:0x40078000,len:15748
load:0x40080400,len:4
ho 8 tail 4 room 4
load:0x40080404,len:3860
entry 0x4008063c
[0;32mI (31) boot: ESP-IDF v5.4.1-dirty 2nd stage bootloader[0m
[0;32mI (31) boot: compile time Jun 27 2025 23:24:48[0m
[0;32mI (31) boot: Multicore bootloader[0m
[0;32mI (33) boot: chip revision: v3.1[0m
[0;32mI (36) boot.esp32: SPI Speed      : 40MHz[0m
[0;32mI (39) boot.esp32: SPI Mode       : DIO[0m
[0;32mI (43) boot.esp32: SPI Flash Size : 2MB[0m
[0;32mI (47) boot: Enabling RNG early entropy source...[0m
[0;32mI (51) boot: Partition Table:[0m
[0;32mI (54) boot: ## Label            Usage          Type ST Offset   Length[0m
[0;32mI (60) boot:  0 nvs              WiFi data        01 02 00009000 00006000[0m
[0;32mI (67) boot:  1 phy_init         RF data          01 01 0000f000 00001000[0m
[0;32mI (73) boot:  2 factory          factory app      00 00 00010000 00100000[0m
[0;32mI (80) boot: End of partition table[0m
[0;32mI (83) esp_image: segment 0: paddr=00010020 vaddr=3f400020 size=1fba8h (129960) map[0m
[0;32mI (135) esp_image: segment 1: paddr=0002fbd0 vaddr=3ff80000 size=0001ch (    28) load[0m
[0;32mI (135) esp_image: segment 2: paddr=0002fbf4 vaddr=3ffb0000 size=00424h (  1060) load[0m
[0;32mI (139) esp_image: segment 3: paddr=00030020 vaddr=400d0020 size=a1c38h (662584) map[0m
[0;32mI (372) esp_image: segment 4: paddr=000d1c60 vaddr=3ffb0424 size=03b6ch ( 15212) load[0m
[0;32mI (378) esp_image: segment 5: paddr=000d57d4 vaddr=40080000 size=178d4h ( 96468) load[0m
[0;32mI (427) boot: Loaded app from partition at offset 0x10000[0m
[0;32mI (427) boot: Disabling RNG early entropy source...[0m
[0;32mI (438) cpu_start: Multicore app[0m
[0;32mI (446) cpu_start: Pro cpu start user code[0m
[0;32mI (446) cpu_start: cpu freq: 160000000 Hz[0m
[0;32mI (446) app_init: Application information:[0m
[0;32mI (446) app_init: Project name:     mqtt5[0m
[0;32mI (450) app_init: App version:      v5.4.1-dirty[0m
[0;32mI (454) app_init: Compile time:     Jun 27 2025 23:22:57[0m
[0;32mI (459) app_init: ELF file SHA256:  ff253a1a0...[0m
[0;32mI (464) app_init: ESP-IDF:          v5.4.1-dirty[0m
[0;32mI (468) efuse_init: Min chip rev:     v0.0[0m
[0;32mI (472) efuse_init: Max chip rev:     v3.99 [0m
[0;32mI (476) efuse_init: Chip rev:         v3.1[0m
[0;32mI (480) heap_init: Initializing. RAM available for dynamic allocation:[0m
[0;32mI (486) heap_init: At 3FFAE6E0 len 00001920 (6 KiB): DRAM[0m
[0;32mI (491) heap_init: At 3FFB8828 len 000277D8 (157 KiB): DRAM[0m
[0;32mI (496) heap_init: At 3FFE0440 len 00003AE0 (14 KiB): D/IRAM[0m
[0;32mI (502) heap_init: At 3FFE4350 len 0001BCB0 (111 KiB): D/IRAM[0m
[0;32mI (507) heap_init: At 400978D4 len 0000872C (33 KiB): IRAM[0m
[0;32mI (514) spi_flash: detected chip: generic[0m
[0;32mI (516) spi_flash: flash io: dio[0m
[0;33mW (519) spi_flash: Detected size(4096k) larger than the size in the binary image header(2048k). Using the size in the binary image header.[0m
[0;32mI (532) main_task: Started on CPU0[0m
[0;32mI (542) main_task: Calling app_main()[0m
[0;32mI (542) mqtt5_example: [APP] Startup..[0m
[0;32mI (542) mqtt5_example: [APP] Free memory: 277140 bytes[0m
[0;32mI (542) mqtt5_example: [APP] IDF version: v5.4.1-dirty[0m
[0;32mI (562) example_connect: Start example_connect.[0m
[0;32mI (572) wifi:wifi driver task: 3ffc02bc, prio:23, stack:6656, core=0[0m
[0;32mI (572) wifi:wifi firmware version: 79fa3f41ba[0m
[0;32mI (572) wifi:wifi certification version: v7.0[0m
[0;32mI (572) wifi:config NVS flash: enabled[0m
[0;32mI (572) wifi:config nano formatting: disabled[0m
[0;32mI (582) wifi:Init data frame dynamic rx buffer num: 32[0m
[0;32mI (582) wifi:Init static rx mgmt buffer num: 5[0m
[0;32mI (592) wifi:Init management short buffer num: 32[0m
[0;32mI (592) wifi:Init dynamic tx buffer num: 32[0m
[0;32mI (592) wifi:Init static rx buffer size: 1600[0m
[0;32mI (602) wifi:Init static rx buffer num: 10[0m
[0;32mI (602) wifi:Init dynamic rx buffer num: 32[0m
[0;32mI (612) wifi_init: rx ba win: 6[0m
[0;32mI (612) wifi_init: accept mbox: 6[0m
[0;32mI (612) wifi_init: tcpip mbox: 32[0m
[0;32mI (622) wifi_init: udp mbox: 6[0m
[0;32mI (622) wifi_init: tcp mbox: 6[0m
[0;32mI (622) wifi_init: tcp tx win: 5760[0m
[0;32mI (622) wifi_init: tcp rx win: 5760[0m
[0;32mI (632) wifi_init: tcp mss: 1440[0m
[0;32mI (632) wifi_init: WiFi IRAM OP enabled[0m
[0;32mI (632) wifi_init: WiFi RX IRAM OP enabled[0m
[0;32mI (642) phy_init: phy_version 4860,6b7a6e5,Feb  6 2025,14:47:07[0m
[0;32mI (732) wifi:mode : sta (1c:69:20:30:71:e0)[0m
[0;32mI (732) wifi:enable tsf[0m
[0;32mI (732) example_connect: Connecting to myssid...[0m
[0;33mW (732) wifi:Password length matches WPA2 standards, authmode threshold changes from OPEN to WPA2[0m
[0;32mI (742) example_connect: Waiting for IP(s)[0m
[0;32mI (3152) example_connect: Wi-Fi disconnected 201, trying to reconnect...[0m
[0;32mI (5572) example_connect: Wi-Fi disconnected 201, trying to reconnect...[0m
[0;32mI (7982) example_connect: Wi-Fi disconnected 201, trying to reconnect...[0m
[0;32mI (10392) example_connect: Wi-Fi disconnected 201, trying to reconnect...[0m
[0;32mI (12812) example_connect: Wi-Fi disconnected 201, trying to reconnect...[0m
[0;32mI (15222) example_connect: Wi-Fi disconnected 201, trying to reconnect...[0m
[0;32mI (17642) example_connect: WiFi Connect failed 7 times, stop reconnect.[0m

assert failed: spinlock_acquire spinlock.h:142 (lock->count == 0)


Backtrace: 0x40081b3d:0x3ffba730 0x400897c1:0x3ffba750 0x4009150d:0x3ffba770 0x4008a4d2:0x3ffba890 0x4008a09c:0x3ffba8c0 0x400e0704:0x3ffba900 0x400e08ec:0x3ffba920 0x400e01c3:0x3ffbaac0 0x400d9419:0x3ffbaae0 0x4016fea7:0x3ffbab20 0x4008a265:0x3ffbab50




ELF file SHA256: ff253a1a0

Rebooting...
ets Jul 29 2019 12:21:46

rst:0xc (SW_CPU_RESET),boot:0x13 (SPI_FAST_FLASH_BOOT)
configsip: 0, SPIWP:0xee
clk_drv:0x00,q_drv:0x00,d_drv:0x00,cs0_drv:0x00,hd_drv:0x00,wp_drv:0x00
mode:DIO, clock div:2
load:0x3fff0030,len:6276
load:0x40078000,len:15748
load:0x40080400,len:4
ho 8 tail 4 room 4
load:0x40080404,len:3860
entry 0x4008063c
[0;32mI (31) boot: ESP-IDF v5.4.1-dirty 2nd stage bootloader[0m
[0;32mI (31) boot: compile time Jun 27 2025 23:24:48[0m
[0;32mI (31) boot: Multicore bootloader[0m
[0;32mI (33) boot: chip revision: v3.1[0m
[0;32mI (36) boot.esp32: SPI Speed      : 40MHz[0m
[0;32mI (39) boot.esp32: SPI Mode       : DIO[0m
[0;32mI (43) boot.esp32: SPI Flash Size : 2MB[0m
[0;32mI (47) boot: Enabling RNG early entropy source...[0m
[0;32mI (51) boot: Partition Table:[0m
[0;32mI (54) boot: ## Label            Usage          Type ST Offset   Length[0m
[0;32mI (60) boot:  0 nvs              WiFi data        01 02 00009000 00006000[0m
[0;32mI (67) boot:  1 phy_init         RF data          01 01 0000f000 00001000[0m
[0;32mI (73) boot:  2 factory          factory app      00 00 00010000 00100000[0m
[0;32mI (80) boot: End of partition table[0m
[0;32mI (83) esp_image: segment 0: paddr=00010020 vaddr=3f400020 size=1fba8h (129960) map[0m
[0;32mI (135) esp_image: segment 1: paddr=0002fbd0 vaddr=3ff80000 size=0001ch (    28) load[0m
[0;32mI (135) esp_image: segment 2: paddr=0002fbf4 vaddr=3ffb0000 size=00424h (  1060) load[0m
[0;32mI (139) esp_image: segment 3: paddr=00030020 vaddr=400d0020 size=a1c38h (662584) map[0m
[0;32mI (372) esp_image: segment 4: paddr=000d1c60 vaddr=3ffb0424 size=03b6ch ( 15212) load[0m
[0;32mI (378) esp_image: segment 5: paddr=000d57d4 vaddr=40080000 size=178d4h ( 96468) load[0m
[0;32mI (427) boot: Loaded app from partition at offset 0x10000[0m
[0;32mI (427) boot: Disabling RNG early entropy source...[0m
[0;32mI (438) cpu_start: Multicore app[0m
[0;32mI (446) cpu_start: Pro cpu start user code[0m
[0;32mI (446) cpu_start: cpu freq: 160000000 Hz[0m
[0;32mI (446) app_init: Application information:[0m
[0;32mI (446) app_init: Project name:     mqtt5[0m
[0;32mI (450) app_init: App version:      v5.4.1-dirty[0m
[0;32mI (454) app_init: Compile time:     Jun 27 2025 23:22:57[0m
[0;32mI (459) app_init: ELF file SHA256:  ff253a1a0...[0m
[0;32mI (464) app_init: ESP-IDF:          v5.4.1-dirty[0m
[0;32mI (468) efuse_init: Min chip rev:     v0.0[0m
[0;32mI (472) efuse_init: Max chip rev:     v3.99 [0m
[0;32mI (476) efuse_init: Chip rev:         v3.1[0m
[0;32mI (480) heap_init: Initializing. RAM available for dynamic allocation:[0m
[0;32mI (486) heap_init: At 3FFAE6E0 len 00001920 (6 KiB): DRAM[0m
[0;32mI (491) heap_init: At 3FFB8828 len 000277D8 (157 KiB): DRAM[0m
[0;32mI (496) heap_init: At 3FFE0440 len 00003AE0 (14 KiB): D/IRAM[0m
[0;32mI (502) heap_init: At 3FFE4350 len 0001BCB0 (111 KiB): D/IRAM[0m
[0;32mI (507) heap_init: At 400978D4 len 0000872C (33 KiB): IRAM[0m
[0;32mI (514) spi_flash: detected chip: generic[0m
[0;32mI (516) spi_flash: flash io: dio[0m
[0;33mW (519) spi_flash: Detected size(4096k) larger than the size in the binary image header(2048k). Using the size in the binary image header.[0m
[0;32mI (532) main_task: Started on CPU0[0m
[0;32mI (542) main_task: Calling app_main()[0m
[0;32mI (542) mqtt5_example: [APP] Startup..[0m
[0;32mI (542) mqtt5_example: [APP] Free memory: 277140 bytes[0m
[0;32mI (542) mqtt5_example: [APP] IDF version: v5.4.1-dirty[0m
[0;32mI (562) example_connect: Start example_connect.[0m
[0;32mI (572) wifi:wifi driver task: 3ffc02bc, prio:23, stack:6656, core=0[0m
[0;32mI (572) wifi:wifi firmware version: 79fa3f41ba[0m
[0;32mI (572) wifi:wifi certification version: v7.0[0m
[0;32mI (572) wifi:config NVS flash: enabled[0m
[0;32mI (572) wifi:config nano formatting: disabled[0m
[0;32mI (582) wifi:Init data frame dynamic rx buffer num: 32[0m
[0;32mI (582) wifi:Init static rx mgmt buffer num: 5[0m
[0;32mI (592) wifi:Init management short buffer num: 32[0m
[0;32mI (592) wifi:Init dynamic tx buffer num: 32[0m
[0;32mI (592) wifi:Init static rx buffer size: 1600[0m
[0;32mI (602) wifi:Init static rx buffer num: 10[0m
[0;32mI (602) wifi:Init dynamic rx buffer num: 32[0m
[0;32mI (612) wifi_init: rx ba win: 6[0m
[0;32mI (612) wifi_init: accept mbox: 6[0m
[0;32mI (612) wifi_init: tcpip mbox: 32[0m
[0;32mI (622) wifi_init: udp mbox: 6[0m
[0;32mI (622) wifi_init: tcp mbox: 6[0m
[0;32mI (622) wifi_init: tcp tx win: 5760[0m
[0;32mI (622) wifi_init: tcp rx win: 5760[0m
[0;32mI (632) wifi_init: tcp mss: 1440[0m
[0;32mI (632) wifi_init: WiFi IRAM OP enabled[0m
[0;32mI (632) wifi_init: WiFi RX IRAM OP enabled[0m
[0;32mI (642) phy_init: phy_version 4860,6b7a6e5,Feb  6 2025,14:47:07[0m
[0;32mI (732) wifi:mode : sta (1c:69:20:30:71:e0)[0m
[0;32mI (732) wifi:enable tsf[0m
[0;32mI (732) example_connect: Connecting to myssid...[0m
[0;33mW (732) wifi:Password length matches WPA2 standards, authmode threshold changes from OPEN to WPA2[0m
[0;32mI (742) example_connect: Waiting for IP(s)[0m
[0;32mI (3152) example_connect: Wi-Fi disconnected 201, trying to reconnect...[0m
[0;32mI (5572) example_connect: Wi-Fi disconnected 201, trying to reconnect...[0m
[0;32mI (7982) example_connect: Wi-Fi disconnected 201, trying to reconnect...[0m
[0;32mI (10392) example_connect: Wi-Fi disconnected 201, trying to reconnect...[0m
[0;32mI (12812) example_connect: Wi-Fi disconnected 201, trying to reconnect...[0m
[0;32mI (15222) example_connect: Wi-Fi disconnected 201, trying to reconnect...[0m
[0;32mI (17642) example_connect: WiFi Connect failed 7 times, stop reconnect.[0m

assert failed: spinlock_acquire spinlock.h:142 (lock->count == 0)


Backtrace: 0x40081b3d:0x3ffba730 0x400897c1:0x3ffba750 0x4009150d:0x3ffba770 0x4008a4d2:0x3ffba890 0x4008a09c:0x3ffba8c0 0x400e0704:0x3ffba900 0x400e08ec:0x3ffba920 0x400e01c3:0x3ffbaac0 0x400d9419:0x3ffbaae0 0x4016fea7:0x3ffbab20 0x4008a265:0x3ffbab50




ELF file SHA256: ff253a1a0

Rebooting...
ets Jul 29 2019 12:21:46

rst:0xc (SW_CPU_RESET),boot:0x13 (SPI_FAST_FLASH_BOOT)
configsip: 0, SPIWP:0xee
clk_drv:0x00,q_drv:0x00,d_drv:0x00,cs0_drv:0x00,hd_drv:0x00,wp_drv:0x00
mode:DIO, clock div:2
load:0x3fff0030,len:6276
load:0x40078000,len:15748
load:0x40080400,len:4
ho 8 tail 4 room 4
load:0x40080404,len:3860
entry 0x4008063c
[0;32mI (31) boot: ESP-IDF v5.4.1-dirty 2nd stage bootloader[0m
[0;32mI (31) boot: compile time Jun 27 2025 23:24:48[0m
[0;32mI (31) boot: Multicore bootloader[0m
[0;32mI (33) boot: chip revision: v3.1[0m
[0;32mI (36) boot.esp32: SPI Speed      : 40MHz[0m
[0;32mI (39) boot.esp32: SPI Mode       : DIO[0m
[0;32mI (43) boot.esp32: SPI Flash Size : 2MB[0m
[0;32mI (47) boot: Enabling RNG early entropy source...[0m
[0;32mI (51) boot: Partition Table:[0m
[0;32mI (54) boot: ## Label            Usage          Type ST Offset   Length[0m
[0;32mI (60) boot:  0 nvs              WiFi data        01 02 00009000 00006000[0m
[0;32mI (67) boot:  1 phy_init         RF data          01 01 0000f000 00001000[0m
[0;32mI (73) boot:  2 factory          factory app      00 00 00010000 00100000[0m
[0;32mI (80) boot: End of partition table[0m
[0;32mI (83) esp_image: segment 0: paddr=00010020 vaddr=3f400020 size=1fba8h (129960) map[0m
[0;32mI (135) esp_image: segment 1: paddr=0002fbd0 vaddr=3ff80000 size=0001ch (    28) load[0m
[0;32mI (135) esp_image: segment 2: paddr=0002fbf4 vaddr=3ffb0000 size=00424h (  1060) load[0m
[0;32mI (139) esp_image: segment 3: paddr=00030020 vaddr=400d0020 size=a1c38h (662584) map[0m
[0;32mI (372) esp_image: segment 4: paddr=000d1c60 vaddr=3ffb0424 size=03b6ch ( 15212) load[0m
[0;32mI (378) esp_image: segment 5: paddr=000d57d4 vaddr=40080000 size=178d4h ( 96468) load[0m
[0;32mI (427) boot: Loaded app from partition at offset 0x10000[0m
[0;32mI (427) boot: Disabling RNG early entropy source...[0m
[0;32mI (438) cpu_start: Multicore app[0m
[0;32mI (446) cpu_start: Pro cpu start user code[0m
[0;32mI (446) cpu_start: cpu freq: 160000000 Hz[0m
[0;32mI (446) app_init: Application information:[0m
[0;32mI (446) app_init: Project name:     mqtt5[0m
[0;32mI (450) app_init: App version:      v5.4.1-dirty[0m
[0;32mI (454) app_init: Compile time:     Jun 27 2025 23:22:57[0m
[0;32mI (459) app_init: ELF file SHA256:  ff253a1a0...[0m
[0;32mI (464) app_init: ESP-IDF:          v5.4.1-dirty[0m
[0;32mI (468) efuse_init: Min chip rev:     v0.0[0m
[0;32mI (472) efuse_init: Max chip rev:     v3.99 [0m
[0;32mI (476) efuse_init: Chip rev:         v3.1[0m
[0;32mI (480) heap_init: Initializing. RAM available for dynamic allocation:[0m
[0;32mI (486) heap_init: At 3FFAE6E0 len 00001920 (6 KiB): DRAM[0m
[0;32mI (491) heap_init: At 3FFB8828 len 000277D8 (157 KiB): DRAM[0m
[0;32mI (496) heap_init: At 3FFE0440 len 00003AE0 (14 KiB): D/IRAM[0m
[0;32mI (502) heap_init: At 3FFE4350 len 0001BCB0 (111 KiB): D/IRAM[0m
[0;32mI (507) heap_init: At 400978D4 len 0000872C (33 KiB): IRAM[0m
[0;32mI (514) spi_flash: detected chip: generic[0m
[0;32mI (516) spi_flash: flash io: dio[0m
[0;33mW (519) spi_flash: Detected size(4096k) larger than the size in the binary image header(2048k). Using the size in the binary image header.[0m
[0;32mI (532) main_task: Started on CPU0[0m
[0;32mI (542) main_task: Calling app_main()[0m
[0;32mI (542) mqtt5_example: [APP] Startup..[0m
[0;32mI (542) mqtt5_example: [APP] Free memory: 277140 bytes[0m
[0;32mI (542) mqtt5_example: [APP] IDF version: v5.4.1-dirty[0m
[0;32mI (562) example_connect: Start example_connect.[0m
[0;32mI (572) wifi:wifi driver task: 3ffc02bc, prio:23, stack:6656, core=0[0m
[0;32mI (572) wifi:wifi firmware version: 79fa3f41ba[0m
[0;32mI (572) wifi:wifi certification version: v7.0[0m
[0;32mI (572) wifi:config NVS flash: enabled[0m
[0;32mI (572) wifi:config nano formatting: disabled[0m
[0;32mI (582) wifi:Init data frame dynamic rx buffer num: 32[0m
[0;32mI (582) wifi:Init static rx mgmt buffer num: 5[0m
[0;32mI (592) wifi:Init management short buffer num: 32[0m
[0;32mI (592) wifi:Init dynamic tx buffer num: 32[0m
[0;32mI (592) wifi:Init static rx buffer size: 1600[0m
[0;32mI (602) wifi:Init static rx buffer num: 10[0m
[0;32mI (602) wifi:Init dynamic rx buffer num: 32[0m
[0;32mI (612) wifi_init: rx ba win: 6[0m
[0;32mI (612) wifi_init: accept mbox: 6[0m
[0;32mI (612) wifi_init: tcpip mbox: 32[0m
[0;32mI (622) wifi_init: udp mbox: 6[0m
[0;32mI (622) wifi_init: tcp mbox: 6[0m
[0;32mI (622) wifi_init: tcp tx win: 5760[0m
[0;32mI (622) wifi_init: tcp rx win: 5760[0m
[0;32mI (632) wifi_init: tcp mss: 1440[0m
[0;32mI (632) wifi_init: WiFi IRAM OP enabled[0m
[0;32mI (632) wifi_init: WiFi RX IRAM OP enabled[0m
[0;32mI (642) phy_init: phy_version 4860,6b7a6e5,Feb  6 2025,14:47:07[0m
[0;32mI (732) wifi:mode : sta (1c:69:20:30:71:e0)[0m
[0;32mI (732) wifi:enable tsf[0m
[0;32mI (732) example_connect: Connecting to myssid...[0m
[0;33mW (732) wifi:Password length matches WPA2 standards, authmode threshold changes from OPEN to WPA2[0m
[0;32mI (742) example_connect: Waiting for IP(s)[0m
[0;32mI (3152) example_connect: Wi-Fi disconnected 201, trying to reconnect...[0m
[0;32mI (5572) example_connect: Wi-Fi disconnected 201, trying to reconnect...[0m
[0;32mI (7982) example_connect: Wi-Fi disconnected 201, trying to reconnect...[0m
[0;32mI (10402) example_connect: Wi-Fi disconnected 201, trying to reconnect...[0m
[0;32mI (12812) example_connect: Wi-Fi disconnected 201, trying to reconnect...[0m
[0;32mI (15222) example_connect: Wi-Fi disconnected 201, trying to reconnect...[0m
[0;32mI (17642) example_connect: WiFi Connect failed 7 times, stop reconnect.[0m

assert failed: spinlock_acquire spinlock.h:142 (lock->count == 0)


Backtrace: 0x40081b3d:0x3ffba730 0x400897c1:0x3ffba750 0x4009150d:0x3ffba770 0x4008a4d2:0x3ffba890 0x4008a09c:0x3ffba8c0 0x400e0704:0x3ffba900 0x400e08ec:0x3ffba920 0x400e01c3:0x3ffbaac0 0x400d9419:0x3ffbaae0 0x4016fea7:0x3ffbab20 0x4008a265:0x3ffbab50




ELF file SHA256: ff253a1a0

Rebooting...
ets Jul 29 2019 12:21:46

rst:0xc (SW_CPU_RESET),boot:0x13 (SPI_FAST_FLASH_BOOT)
configsip: 0, SPIWP:0xee
clk_drv:0x00,q_drv:0x00,d_drv:0x00,cs0_drv:0x00,hd_drv:0x00,wp_drv:0x00
mode:DIO, clock div:2
load:0x3fff0030,len:6276
load:0x40078000,len:15748
load:0x40080400,len:4
ho 8 tail 4 room 4
load:0x40080404,len:3860
entry 0x4008063c
[0;32mI (31) boot: ESP-IDF v5.4.1-dirty 2nd stage bootloader[0m
[0;32mI (31) boot: compile time Jun 27 2025 23:24:48[0m
[0;32mI (31) boot: Multicore bootloader[0m
[0;32mI (33) boot: chip revision: v3.1[0m
[0;32mI (36) boot.esp32: SPI Speed      : 40MHz[0m
[0;32mI (39) boot.esp32: SPI Mode       : DIO[0m
[0;32mI (43) boot.esp32: SPI Flash Size : 2MB[0m
[0;32mI (47) boot: Enabling RNG early entropy source...[0m
[0;32mI (51) boot: Partition Table:[0m
[0;32mI (54) boot: ## Label            Usage          Type ST Offset   Length[0m
[0;32mI (60) boot:  0 nvs              WiFi data        01 02 00009000 00006000[0m
[0;32mI (67) boot:  1 phy_init         RF data          01 01 0000f000 00001000[0m
[0;32mI (73) boot:  2 factory          factory app      00 00 00010000 00100000[0m
[0;32mI (80) boot: End of partition table[0m
[0;32mI (83) esp_image: segment 0: paddr=00010020 vaddr=3f400020 size=1fba8h (129960) map[0m
[0;32mI (135) esp_image: segment 1: paddr=0002fbd0 vaddr=3ff80000 size=0001ch (    28) load[0m
[0;32mI (135) esp_image: segment 2: paddr=0002fbf4 vaddr=3ffb0000 size=00424h (  1060) load[0m
[0;32mI (139) esp_image: segment 3: paddr=00030020 vaddr=400d0020 size=a1c38h (662584) map[0m
[0;32mI (372) esp_image: segment 4: paddr=000d1c60 vaddr=3ffb0424 size=03b6ch ( 15212) load[0m
[0;32mI (378) esp_image: segment 5: paddr=000d57d4 vaddr=40080000 size=178d4h ( 96468) load[0m
[0;32mI (427) boot: Loaded app from partition at offset 0x10000[0m
[0;32mI (427) boot: Disabling RNG early entropy source...[0m
[0;32mI (438) cpu_start: Multicore app[0m
[0;32mI (446) cpu_start: Pro cpu start user code[0m
[0;32mI (446) cpu_start: cpu freq: 160000000 Hz[0m
[0;32mI (446) app_init: Application information:[0m
[0;32mI (446) app_init: Project name:     mqtt5[0m
[0;32mI (450) app_init: App version:      v5.4.1-dirty[0m
[0;32mI (454) app_init: Compile time:     Jun 27 2025 23:22:57[0m
[0;32mI (459) app_init: ELF file SHA256:  ff253a1a0...[0m
[0;32mI (464) app_init: ESP-IDF:          v5.4.1-dirty[0m
[0;32mI (468) efuse_init: Min chip rev:     v0.0[0m
[0;32mI (472) efuse_init: Max chip rev:     v3.99 [0m
[0;32mI (476) efuse_init: Chip rev:         v3.1[0m
[0;32mI (480) heap_init: Initializing. RAM available for dynamic allocation:[0m
[0;32mI (486) heap_init: At 3FFAE6E0 len 00001920 (6 KiB): DRAM[0m
[0;32mI (491) heap_init: At 3FFB8828 len 000277D8 (157 KiB): DRAM[0m
[0;32mI (496) heap_init: At 3FFE0440 len 00003AE0 (14 KiB): D/IRAM[0m
[0;32mI (502) heap_init: At 3FFE4350 len 0001BCB0 (111 KiB): D/IRAM[0m
[0;32mI (507) heap_init: At 400978D4 len 0000872C (33 KiB): IRAM[0m
[0;32mI (514) spi_flash: detected chip: generic[0m
[0;32mI (516) spi_flash: flash io: dio[0m
[0;33mW (519) spi_flash: Detected size(4096k) larger than the size in the binary image header(2048k). Using the size in the binary image header.[0m
[0;32mI (532) main_task: Started on CPU0[0m
[0;32mI (542) main_task: Calling app_main()[0m
[0;32mI (542) mqtt5_example: [APP] Startup..[0m
[0;32mI (542) mqtt5_example: [APP] Free memory: 277140 bytes[0m
[0;32mI (542) mqtt5_example: [APP] IDF version: v5.4.1-dirty[0m
[0;32mI (562) example_connect: Start example_connect.[0m
[0;32mI (572) wifi:wifi driver task: 3ffc02bc, prio:23, stack:6656, core=0[0m
[0;32mI (572) wifi:wifi firmware version: 79fa3f41ba[0m
[0;32mI (572) wifi:wifi certification version: v7.0[0m
[0;32mI (572) wifi:config NVS flash: enabled[0m
[0;32mI (572) wifi:config nano formatting: disabled[0m
[0;32mI (582) wifi:Init data frame dynamic rx buffer num: 32[0m
[0;32mI (582) wifi:Init static rx mgmt buffer num: 5[0m
[0;32mI (592) wifi:Init management short buffer num: 32[0m
[0;32mI (592) wifi:Init dynamic tx buffer num: 32[0m
[0;32mI (592) wifi:Init static rx buffer size: 1600[0m
[0;32mI (602) wifi:Init static rx buffer num: 10[0m
[0;32mI (602) wifi:Init dynamic rx buffer num: 32[0m
[0;32mI (612) wifi_init: rx ba win: 6[0m
[0;32mI (612) wifi_init: accept mbox: 6[0m
[0;32mI (612) wifi_init: tcpip mbox: 32[0m
[0;32mI (622) wifi_init: udp mbox: 6[0m
[0;32mI (622) wifi_init: tcp mbox: 6[0m
[0;32mI (622) wifi_init: tcp tx win: 5760[0m
[0;32mI (622) wifi_init: tcp rx win: 5760[0m
[0;32mI (632) wifi_init: tcp mss: 1440[0m
[0;32mI (632) wifi_init: WiFi IRAM OP enabled[0m
[0;32mI (632) wifi_init: WiFi RX IRAM OP enabled[0m
[0;32mI (642) phy_init: phy_version 4860,6b7a6e5,Feb  6 2025,14:47:07[0m
[0;32mI (732) wifi:mode : sta (1c:69:20:30:71:e0)[0m
[0;32mI (732) wifi:enable tsf[0m
[0;32mI (732) example_connect: Connecting to myssid...[0m
[0;33mW (732) wifi:Password length matches WPA2 standards, authmode threshold changes from OPEN to WPA2[0m
[0;32mI (742) example_connect: Waiting for IP(s)[0m
[0;32mI (3152) example_connect: Wi-Fi disconnected 201, trying to reconnect...[0m
[0;32mI (5572) example_connect: Wi-Fi disconnected 201, trying to reconnect...[0m
[0;32mI (7982) example_connect: Wi-Fi disconnected 201, trying to reconnect...[0m
[0;32mI (10392) example_connect: Wi-Fi disconnected 201, trying to reconnect...[0m
[0;32mI (12812) example_connect: Wi-Fi disconnected 201, trying to reconnect...[0m
[0;32mI (15222) example_connect: Wi-Fi disconnected 201, trying to reconnect...[0m
[0;32mI (17642) example_connect: WiFi Connect failed 7 times, stop reconnect.[0m

assert failed: spinlock_acquire spinlock.h:142 (lock->count == 0)


Backtrace: 0x40081b3d:0x3ffba730 0x400897c1:0x3ffba750 0x4009150d:0x3ffba770 0x4008a4d2:0x3ffba890 0x4008a09c:0x3ffba8c0 0x400e0704:0x3ffba900 0x400e08ec:0x3ffba920 0x400e01c3:0x3ffbaac0 0x400d9419:0x3ffbaae0 0x4016fea7:0x3ffbab20 0x4008a265:0x3ffbab50




ELF file SHA256: ff253a1a0

Rebooting...
ets Jul 29 2019 12:21:46

rst:0xc (SW_CPU_RESET),boot:0x13 (SPI_FAST_FLASH_BOOT)
configsip: 0, SPIWP:0xee
clk_drv:0x00,q_drv:0x00,d_drv:0x00,cs0_drv:0x00,hd_drv:0x00,wp_drv:0x00
mode:DIO, clock div:2
load:0x3fff0030,len:6276
load:0x40078000,len:15748
load:0x40080400,len:4
ho 8 tail 4 room 4
load:0x40080404,len:3860
entry 0x4008063c
[0;32mI (31) boot: ESP-IDF v5.4.1-dirty 2nd stage bootloader[0m
[0;32mI (31) boot: compile time Jun 27 2025 23:24:48[0m
[0;32mI (31) boot: Multicore bootloader[0m
[0;32mI (33) boot: chip revision: v3.1[0m
[0;32mI (36) boot.esp32: SPI Speed      : 40MHz[0m
[0;32mI (39) boot.esp32: SPI Mode       : DIO[0m
[0;32mI (43) boot.esp32: SPI Flash Size : 2MB[0m
[0;32mI (47) boot: Enabling RNG early entropy source...[0m
[0;32mI (51) boot: Partition Table:[0m
[0;32mI (54) boot: ## Label            Usage          Type ST Offset   Length[0m
[0;32mI (60) boot:  0 nvs              WiFi data        01 02 00009000 00006000[0m
[0;32mI (67) boot:  1 phy_init         RF data          01 01 0000f000 00001000[0m
[0;32mI (73) boot:  2 factory          factory app      00 00 00010000 00100000[0m
[0;32mI (80) boot: End of partition table[0m
[0;32mI (83) esp_image: segment 0: paddr=00010020 vaddr=3f400020 size=1fba8h (129960) map[0m
[0;32mI (135) esp_image: segment 1: paddr=0002fbd0 vaddr=3ff80000 size=0001ch (    28) load[0m
[0;32mI (135) esp_image: segment 2: paddr=0002fbf4 vaddr=3ffb0000 size=00424h (  1060) load[0m
[0;32mI (139) esp_image: segment 3: paddr=00030020 vaddr=400d0020 size=a1c38h (662584) map[0m
[0;32mI (372) esp_image: segment 4: paddr=000d1c60 vaddr=3ffb0424 size=03b6ch ( 15212) load[0m
[0;32mI (378) esp_image: segment 5: paddr=000d57d4 vaddr=40080000 size=178d4h ( 96468) load[0m
[0;32mI (427) boot: Loaded app from partition at offset 0x10000[0m
[0;32mI (427) boot: Disabling RNG early entropy source...[0m
[0;32mI (438) cpu_start: Multicore app[0m
[0;32mI (446) cpu_start: Pro cpu start user code[0m
[0;32mI (446) cpu_start: cpu freq: 160000000 Hz[0m
[0;32mI (446) app_init: Application information:[0m
[0;32mI (446) app_init: Project name:     mqtt5[0m
[0;32mI (450) app_init: App version:      v5.4.1-dirty[0m
[0;32mI (454) app_init: Compile time:     Jun 27 2025 23:22:57[0m
[0;32mI (459) app_init: ELF file SHA256:  ff253a1a0...[0m
[0;32mI (464) app_init: ESP-IDF:          v5.4.1-dirty[0m
[0;32mI (468) efuse_init: Min chip rev:     v0.0[0m
[0;32mI (472) efuse_init: Max chip rev:     v3.99 [0m
[0;32mI (476) efuse_init: Chip rev:         v3.1[0m
[0;32mI (480) heap_init: Initializing. RAM available for dynamic allocation:[0m
[0;32mI (486) heap_init: At 3FFAE6E0 len 00001920 (6 KiB): DRAM[0m
[0;32mI (491) heap_init: At 3FFB8828 len 000277D8 (157 KiB): DRAM[0m
[0;32mI (496) heap_init: At 3FFE0440 len 00003AE0 (14 KiB): D/IRAM[0m
[0;32mI (502) heap_init: At 3FFE4350 len 0001BCB0 (111 KiB): D/IRAM[0m
[0;32mI (507) heap_init: At 400978D4 len 0000872C (33 KiB): IRAM[0m
[0;32mI (514) spi_flash: detected chip: generic[0m
[0;32mI (516) spi_flash: flash io: dio[0m
[0;33mW (519) spi_flash: Detected size(4096k) larger than the size in the binary image header(2048k). Using the size in the binary image header.[0m
[0;32mI (532) main_task: Started on CPU0[0m
[0;32mI (542) main_task: Calling app_main()[0m
[0;32mI (542) mqtt5_example: [APP] Startup..[0m
[0;32mI (542) mqtt5_example: [APP] Free memory: 277140 bytes[0m
[0;32mI (542) mqtt5_example: [APP] IDF version: v5.4.1-dirty[0m
[0;32mI (562) example_connect: Start example_connect.[0m
[0;32mI (572) wifi:wifi driver task: 3ffc02bc, prio:23, stack:6656, core=0[0m
[0;32mI (572) wifi:wifi firmware version: 79fa3f41ba[0m
[0;32mI (572) wifi:wifi certification version: v7.0[0m
[0;32mI (572) wifi:config NVS flash: enabled[0m
[0;32mI (572) wifi:config nano formatting: disabled[0m
[0;32mI (582) wifi:Init data frame dynamic rx buffer num: 32[0m
[0;32mI (582) wifi:Init static rx mgmt buffer num: 5[0m
[0;32mI (592) wifi:Init management short buffer num: 32[0m
[0;32mI (592) wifi:Init dynamic tx buffer num: 32[0m
[0;32mI (592) wifi:Init static rx buffer size: 1600[0m
[0;32mI (602) wifi:Init static rx buffer num: 10[0m
[0;32mI (602) wifi:Init dynamic rx buffer num: 32[0m
[0;32mI (612) wifi_init: rx ba win: 6[0m
[0;32mI (612) wifi_init: accept mbox: 6[0m
[0;32mI (612) wifi_init: tcpip mbox: 32[0m
[0;32mI (622) wifi_init: udp mbox: 6[0m
[0;32mI (622) wifi_init: tcp mbox: 6[0m
[0;32mI (622) wifi_init: tcp tx win: 5760[0m
[0;32mI (622) wifi_init: tcp rx win: 5760[0m
[0;32mI (632) wifi_init: tcp mss: 1440[0m
[0;32mI (632) wifi_init: WiFi IRAM OP enabled[0m
[0;32mI (632) wifi_init: WiFi RX IRAM OP enabled[0m
[0;32mI (642) phy_init: phy_version 4860,6b7a6e5,Feb  6 2025,14:47:07[0m
[0;32mI (732) wifi:mode : sta (1c:69:20:30:71:e0)[0m
[0;32mI (732) wifi:enable tsf[0m
[0;32mI (732) example_connect: Connecting to myssid...[0m
[0;33mW (732) wifi:Password length matches WPA2 standards, authmode threshold changes from OPEN to WPA2[0m
[0;32mI (742) example_connect: Waiting for IP(s)[0m
[0;32mI (3152) example_connect: Wi-Fi disconnected 201, trying to reconnect...[0m
[0;32mI (5572) example_connect: Wi-Fi disconnected 201, trying to reconnect...[0m
[0;32mI (7982) example_connect: Wi-Fi disconnected 201, trying to reconnect...[0m
[0;32mI (10402) example_connect: Wi-Fi disconnected 201, trying to reconnect...[0m
[0;32mI (12812) example_connect: Wi-Fi disconnected 201, trying to reconnect...[0m
[0;32mI (15222) example_connect: Wi-Fi disconnected 201, trying to reconnect...[0m
[0;32mI (17642) example_connect: WiFi Connect failed 7 times, stop reconnect.[0m

assert failed: spinlock_acquire spinlock.h:142 (lock->count == 0)


Backtrace: 0x40081b3d:0x3ffba730 0x400897c1:0x3ffba750 0x4009150d:0x3ffba770 0x4008a4d2:0x3ffba890 0x4008a09c:0x3ffba8c0 0x400e0704:0x3ffba900 0x400e08ec:0x3ffba920 0x400e01c3:0x3ffbaac0 0x400d9419:0x3ffbaae0 0x4016fea7:0x3ffbab20 0x4008a265:0x3ffbab50




ELF file SHA256: ff253a1a0

Rebooting...
ets Jul 29 2019 12:21:46

rst:0xc (SW_CPU_RESET),boot:0x13 (SPI_FAST_FLASH_BOOT)
configsip: 0, SPIWP:0xee
clk_drv:0x00,q_drv:0x00,d_drv:0x00,cs0_drv:0x00,hd_drv:0x00,wp_drv:0x00
mode:DIO, clock div:2
load:0x3fff0030,len:6276
load:0x40078000,len:15748
load:0x40080400,len:4
ho 8 tail 4 room 4
load:0x40080404,len:3860
entry 0x4008063c
[0;32mI (31) boot: ESP-IDF v5.4.1-dirty 2nd stage bootloader[0m
[0;32mI (31) boot: compile time Jun 27 2025 23:24:48[0m
[0;32mI (31) boot: Multicore bootloader[0m
[0;32mI (33) boot: chip revision: v3.1[0m
[0;32mI (36) boot.esp32: SPI Speed      : 40MHz[0m
[0;32mI (39) boot.esp32: SPI Mode       : DIO[0m
[0;32mI (43) boot.esp32: SPI Flash Size : 2MB[0m
[0;32mI (47) boot: Enabling RNG early entropy source...[0m
[0;32mI (51) boot: Partition Table:[0m
[0;32mI (54) boot: ## Label            Usage          Type ST Offset   Length[0m
[0;32mI (60) boot:  0 nvs              WiFi data        01 02 00009000 00006000[0m
[0;32mI (67) boot:  1 phy_init         RF data          01 01 0000f000 00001000[0m
[0;32mI (73) boot:  2 factory          factory app      00 00 00010000 00100000[0m
[0;32mI (80) boot: End of partition table[0m
[0;32mI (83) esp_image: segment 0: paddr=00010020 vaddr=3f400020 size=1fba8h (129960) map[0m
[0;32mI (135) esp_image: segment 1: paddr=0002fbd0 vaddr=3ff80000 size=0001ch (    28) load[0m
[0;32mI (135) esp_image: segment 2: paddr=0002fbf4 vaddr=3ffb0000 size=00424h (  1060) load[0m
[0;32mI (139) esp_image: segment 3: paddr=00030020 vaddr=400d0020 size=a1c38h (662584) map[0m
[0;32mI (372) esp_image: segment 4: paddr=000d1c60 vaddr=3ffb0424 size=03b6ch ( 15212) load[0m
[0;32mI (378) esp_image: segment 5: paddr=000d57d4 vaddr=40080000 size=178d4h ( 96468) load[0m
[0;32mI (427) boot: Loaded app from partition at offset 0x10000[0m
[0;32mI (427) boot: Disabling RNG early entropy source...[0m
[0;32mI (438) cpu_start: Multicore app[0m
[0;32mI (446) cpu_start: Pro cpu start user code[0m
[0;32mI (446) cpu_start: cpu freq: 160000000 Hz[0m
[0;32mI (446) app_init: Application information:[0m
[0;32mI (446) app_init: Project name:     mqtt5[0m
[0;32mI (450) app_init: App version:      v5.4.1-dirty[0m
[0;32mI (454) app_init: Compile time:     Jun 27 2025 23:22:57[0m
[0;32mI (459) app_init: ELF file SHA256:  ff253a1a0...[0m
[0;32mI (464) app_init: ESP-IDF:          v5.4.1-dirty[0m
[0;32mI (468) efuse_init: Min chip rev:     v0.0[0m
[0;32mI (472) efuse_init: Max chip rev:     v3.99 [0m
[0;32mI (476) efuse_init: Chip rev:         v3.1[0m
[0;32mI (480) heap_init: Initializing. RAM available for dynamic allocation:[0m
[0;32mI (486) heap_init: At 3FFAE6E0 len 00001920 (6 KiB): DRAM[0m
[0;32mI (491) heap_init: At 3FFB8828 len 000277D8 (157 KiB): DRAM[0m
[0;32mI (496) heap_init: At 3FFE0440 len 00003AE0 (14 KiB): D/IRAM[0m
[0;32mI (502) heap_init: At 3FFE4350 len 0001BCB0 (111 KiB): D/IRAM[0m
[0;32mI (507) heap_init: At 400978D4 len 0000872C (33 KiB): IRAM[0m
[0;32mI (514) spi_flash: detected chip: generic[0m
[0;32mI (516) spi_flash: flash io: dio[0m
[0;33mW (519) spi_flash: Detected size(4096k) larger than the size in the binary image header(2048k). Using the size in the binary image header.[0m
[0;32mI (532) main_task: Started on CPU0[0m
[0;32mI (542) main_task: Calling app_main()[0m
[0;32mI (542) mqtt5_example: [APP] Startup..[0m
[0;32mI (542) mqtt5_example: [APP] Free memory: 277140 bytes[0m
[0;32mI (542) mqtt5_example: [APP] IDF version: v5.4.1-dirty[0m
[0;32mI (562) example_connect: Start example_connect.[0m
[0;32mI (572) wifi:wifi driver task: 3ffc02bc, prio:23, stack:6656, core=0[0m
[0;32mI (572) wifi:wifi firmware version: 79fa3f41ba[0m
[0;32mI (572) wifi:wifi certification version: v7.0[0m
[0;32mI (572) wifi:config NVS flash: enabled[0m
[0;32mI (572) wifi:config nano formatting: disabled[0m
[0;32mI (582) wifi:Init data frame dynamic rx buffer num: 32[0m
[0;32mI (582) wifi:Init static rx mgmt buffer num: 5[0m
[0;32mI (592) wifi:Init management short buffer num: 32[0m
[0;32mI (592) wifi:Init dynamic tx buffer num: 32[0m
[0;32mI (592) wifi:Init static rx buffer size: 1600[0m
[0;32mI (602) wifi:Init static rx buffer num: 10[0m
[0;32mI (602) wifi:Init dynamic rx buffer num: 32[0m
[0;32mI (612) wifi_init: rx ba win: 6[0m
[0;32mI (612) wifi_init: accept mbox: 6[0m
[0;32mI (612) wifi_init: tcpip mbox: 32[0m
[0;32mI (622) wifi_init: udp mbox: 6[0m
[0;32mI (622) wifi_init: tcp mbox: 6[0m
[0;32mI (622) wifi_init: tcp tx win: 5760[0m
[0;32mI (622) wifi_init: tcp rx win: 5760[0m
[0;32mI (632) wifi_init: tcp mss: 1440[0m
[0;32mI (632) wifi_init: WiFi IRAM OP enabled[0m
[0;32mI (632) wifi_init: WiFi RX IRAM OP enabled[0m
[0;32mI (642) phy_init: phy_version 4860,6b7a6e5,Feb  6 2025,14:47:07[0m
[0;32mI (732) wifi:mode : sta (1c:69:20:30:71:e0)[0m
[0;32mI (732) wifi:enable tsf[0m
[0;32mI (732) example_connect: Connecting to myssid...[0m
[0;33mW (732) wifi:Password length matches WPA2 standards, authmode threshold changes from OPEN to WPA2[0m
[0;32mI (742) example_connect: Waiting for IP(s)[0m
[0;32mI (3152) example_connect: Wi-Fi disconnected 201, trying to reconnect...[0m
[0;32mI (5572) example_connect: Wi-Fi disconnected 201, trying to reconnect...[0m
[0;32mI (7982) example_connect: Wi-Fi disconnected 201, trying to reconnect...[0m
[0;32mI (10402) example_connect: Wi-Fi disconnected 201, trying to reconnect...[0m
[0;32mI (12812) example_connect: Wi-Fi disconnected 201, trying to reconnect...[0m
[0;32mI (15222) example_connect: Wi-Fi disconnected 201, trying to reconnect...[0m
[0;32mI (17642) example_connect: WiFi Connect failed 7 times, stop reconnect.[0m

assert failed: spinlock_acquire spinlock.h:142 (lock->count == 0)


Backtrace: 0x40081b3d:0x3ffba730 0x400897c1:0x3ffba750 0x4009150d:0x3ffba770 0x4008a4d2:0x3ffba890 0x4008a09c:0x3ffba8c0 0x400e0704:0x3ffba900 0x400e08ec:0x3ffba920 0x400e01c3:0x3ffbaac0 0x400d9419:0x3ffbaae0 0x4016fea7:0x3ffbab20 0x4008a265:0x3ffbab50




ELF file SHA256: ff253a1a0

Rebooting...
ets Jul 29 2019 12:21:46

rst:0xc (SW_CPU_RESET),boot:0x13 (SPI_FAST_FLASH_BOOT)
configsip: 0, SPIWP:0xee
clk_drv:0x00,q_drv:0x00,d_drv:0x00,cs0_drv:0x00,hd_drv:0x00,wp_drv:0x00
mode:DIO, clock div:2
load:0x3fff0030,len:6276
load:0x40078000,len:15748
load:0x40080400,len:4
ho 8 tail 4 room 4
load:0x40080404,len:3860
entry 0x4008063c
[0;32mI (31) boot: ESP-IDF v5.4.1-dirty 2nd stage bootloader[0m
[0;32mI (31) boot: compile time Jun 27 2025 23:24:48[0m
[0;32mI (31) boot: Multicore bootloader[0m
[0;32mI (33) boot: chip revision: v3.1[0m
[0;32mI (36) boot.esp32: SPI Speed      : 40MHz[0m
[0;32mI (39) boot.esp32: SPI Mode       : DIO[0m
[0;32mI (43) boot.esp32: SPI Flash Size : 2MB[0m
[0;32mI (47) boot: Enabling RNG early entropy source...[0m
[0;32mI (51) boot: Partition Table:[0m
[0;32mI (54) boot: ## Label            Usage          Type ST Offset   Length[0m
[0;32mI (60) boot:  0 nvs              WiFi data        01 02 00009000 00006000[0m
[0;32mI (67) boot:  1 phy_init         RF data          01 01 0000f000 00001000[0m
[0;32mI (73) boot:  2 factory          factory app      00 00 00010000 00100000[0m
[0;32mI (80) boot: End of partition table[0m
[0;32mI (83) esp_image: segment 0: paddr=00010020 vaddr=3f400020 size=1fba8h (129960) map[0m
[0;32mI (135) esp_image: segment 1: paddr=0002fbd0 vaddr=3ff80000 size=0001ch (    28) load[0m
[0;32mI (135) esp_image: segment 2: paddr=0002fbf4 vaddr=3ffb0000 size=00424h (  1060) load[0m
[0;32mI (139) esp_image: segment 3: paddr=00030020 vaddr=400d0020 size=a1c38h (662584) map[0m
[0;32mI (372) esp_image: segment 4: paddr=000d1c60 vaddr=3ffb0424 size=03b6ch ( 15212) load[0m
[0;32mI (378) esp_image: segment 5: paddr=000d57d4 vaddr=40080000 size=178d4h ( 96468) load[0m
[0;32mI (427) boot: Loaded app from partition at offset 0x10000[0m
[0;32mI (427) boot: Disabling RNG early entropy source...[0m
[0;32mI (438) cpu_start: Multicore app[0m
[0;32mI (446) cpu_start: Pro cpu start user code[0m
[0;32mI (446) cpu_start: cpu freq: 160000000 Hz[0m
[0;32mI (446) app_init: Application information:[0m
[0;32mI (446) app_init: Project name:     mqtt5[0m
[0;32mI (450) app_init: App version:      v5.4.1-dirty[0m
[0;32mI (454) app_init: Compile time:     Jun 27 2025 23:22:57[0m
[0;32mI (459) app_init: ELF file SHA256:  ff253a1a0...[0m
[0;32mI (464) app_init: ESP-IDF:          v5.4.1-dirty[0m
[0;32mI (468) efuse_init: Min chip rev:     v0.0[0m
[0;32mI (472) efuse_init: Max chip rev:     v3.99 [0m
[0;32mI (476) efuse_init: Chip rev:         v3.1[0m
[0;32mI (480) heap_init: Initializing. RAM available for dynamic allocation:[0m
[0;32mI (486) heap_init: At 3FFAE6E0 len 00001920 (6 KiB): DRAM[0m
[0;32mI (491) heap_init: At 3FFB8828 len 000277D8 (157 KiB): DRAM[0m
[0;32mI (496) heap_init: At 3FFE0440 len 00003AE0 (14 KiB): D/IRAM[0m
[0;32mI (502) heap_init: At 3FFE4350 len 0001BCB0 (111 KiB): D/IRAM[0m
[0;32mI (507) heap_init: At 400978D4 len 0000872C (33 KiB): IRAM[0m
[0;32mI (514) spi_flash: detected chip: generic[0m
[0;32mI (516) spi_flash: flash io: dio[0m
[0;33mW (519) spi_flash: Detected size(4096k) larger than the size in the binary image header(2048k). Using the size in the binary image header.[0m
[0;32mI (532) main_task: Started on CPU0[0m
[0;32mI (542) main_task: Calling app_main()[0m
[0;32mI (542) mqtt5_example: [APP] Startup..[0m
[0;32mI (542) mqtt5_example: [APP] Free memory: 277140 bytes[0m
[0;32mI (542) mqtt5_example: [APP] IDF version: v5.4.1-dirty[0m
[0;32mI (562) example_connect: Start example_connect.[0m
[0;32mI (572) wifi:wifi driver task: 3ffc02bc, prio:23, stack:6656, core=0[0m
[0;32mI (572) wifi:wifi firmware version: 79fa3f41ba[0m
[0;32mI (572) wifi:wifi certification version: v7.0[0m
[0;32mI (572) wifi:config NVS flash: enabled[0m
[0;32mI (572) wifi:config nano formatting: disabled[0m
[0;32mI (582) wifi:Init data frame dynamic rx buffer num: 32[0m
[0;32mI (582) wifi:Init static rx mgmt buffer num: 5[0m
[0;32mI (592) wifi:Init management short buffer num: 32[0m
[0;32mI (592) wifi:Init dynamic tx buffer num: 32[0m
[0;32mI (592) wifi:Init static rx buffer size: 1600[0m
[0;32mI (602) wifi:Init static rx buffer num: 10[0m
[0;32mI (602) wifi:Init dynamic rx buffer num: 32[0m
[0;32mI (612) wifi_init: rx ba win: 6[0m
[0;32mI (612) wifi_init: accept mbox: 6[0m
[0;32mI (612) wifi_init: tcpip mbox: 32[0m
[0;32mI (622) wifi_init: udp mbox: 6[0m
[0;32mI (622) wifi_init: tcp mbox: 6[0m
[0;32mI (622) wifi_init: tcp tx win: 5760[0m
[0;32mI (622) wifi_init: tcp rx win: 5760[0m
[0;32mI (632) wifi_init: tcp mss: 1440[0m
[0;32mI (632) wifi_init: WiFi IRAM OP enabled[0m
[0;32mI (632) wifi_init: WiFi RX IRAM OP enabled[0m
[0;32mI (642) phy_init: phy_version 4860,6b7a6e5,Feb  6 2025,14:47:07[0m
[0;32mI (732) wifi:mode : sta (1c:69:20:30:71:e0)[0m
[0;32mI (732) wifi:enable tsf[0m
[0;32mI (732) example_connect: Connecting to myssid...[0m
[0;33mW (732) wifi:Password length matches WPA2 standards, authmode threshold changes from OPEN to WPA2[0m
[0;32mI (742) example_connect: Waiting for IP(s)[0m
[0;32mI (3152) example_connect: Wi-Fi disconnected 201, trying to reconnect...[0m
[0;32mI (5572) example_connect: Wi-Fi disconnected 201, trying to reconnect...[0m
[0;32mI (7982) example_connect: Wi-Fi disconnected 201, trying to reconnect...[0m
[0;32mI (10402) example_connect: Wi-Fi disconnected 201, trying to reconnect...[0m
[0;32mI (12812) example_connect: Wi-Fi disconnected 201, trying to reconnect...[0m
[0;32mI (15222) example_connect: Wi-Fi disconnected 201, trying to reconnect...[0m
[0;32mI (17642) example_connect: WiFi Connect failed 7 times, stop reconnect.[0m

assert failed: spinlock_acquire spinlock.h:142 (lock->count == 0)


Backtrace: 0x40081b3d:0x3ffba730 0x400897c1:0x3ffba750 0x4009150d:0x3ffba770 0x4008a4d2:0x3ffba890 0x4008a09c:0x3ffba8c0 0x400e0704:0x3ffba900 0x400e08ec:0x3ffba920 0x400e01c3:0x3ffbaac0 0x400d9419:0x3ffbaae0 0x4016fea7:0x3ffbab20 0x4008a265:0x3ffbab50




ELF file SHA256: ff253a1a0

Rebooting...
ets Jul 29 2019 12:21:46

rst:0xc (SW_CPU_RESET),boot:0x13 (SPI_FAST_FLASH_BOOT)
configsip: 0, SPIWP:0xee
clk_drv:0x00,q_drv:0x00,d_drv:0x00,cs0_drv:0x00,hd_drv:0x00,wp_drv:0x00
mode:DIO, clock div:2
load:0x3fff0030,len:6276
load:0x40078000,len:15748
load:0x40080400,len:4
ho 8 tail 4 room 4
load:0x40080404,len:3860
entry 0x4008063c
[0;32mI (31) boot: ESP-IDF v5.4.1-dirty 2nd stage bootloader[0m
[0;32mI (31) boot: compile time Jun 27 2025 23:24:48[0m
[0;32mI (31) boot: Multicore bootloader[0m
[0;32mI (33) boot: chip revision: v3.1[0m
[0;32mI (36) boot.esp32: SPI Speed      : 40MHz[0m
[0;32mI (39) boot.esp32: SPI Mode       : DIO[0m
[0;32mI (43) boot.esp32: SPI Flash Size : 2MB[0m
[0;32mI (47) boot: Enabling RNG early entropy source...[0m
[0;32mI (51) boot: Partition Table:[0m
[0;32mI (54) boot: ## Label            Usage          Type ST Offset   Length[0m
[0;32mI (60) boot:  0 nvs              WiFi data        01 02 00009000 00006000[0m
[0;32mI (67) boot:  1 phy_init         RF data          01 01 0000f000 00001000[0m
[0;32mI (73) boot:  2 factory          factory app      00 00 00010000 00100000[0m
[0;32mI (80) boot: End of partition table[0m
[0;32mI (83) esp_image: segment 0: paddr=00010020 vaddr=3f400020 size=1fba8h (129960) map[0m
[0;32mI (135) esp_image: segment 1: paddr=0002fbd0 vaddr=3ff80000 size=0001ch (    28) load[0m
[0;32mI (135) esp_image: segment 2: paddr=0002fbf4 vaddr=3ffb0000 size=00424h (  1060) load[0m
[0;32mI (139) esp_image: segment 3: paddr=00030020 vaddr=400d0020 size=a1c38h (662584) map[0m
[0;32mI (372) esp_image: segment 4: paddr=000d1c60 vaddr=3ffb0424 size=03b6ch ( 15212) load[0m
[0;32mI (378) esp_image: segment 5: paddr=000d57d4 vaddr=40080000 size=178d4h ( 96468) load[0m
[0;32mI (427) boot: Loaded app from partition at offset 0x10000[0m
[0;32mI (427) boot: Disabling RNG early entropy source...[0m
[0;32mI (438) cpu_start: Multicore app[0m
[0;32mI (446) cpu_start: Pro cpu start user code[0m
[0;32mI (446) cpu_start: cpu freq: 160000000 Hz[0m
[0;32mI (446) app_init: Application information:[0m
[0;32mI (446) app_init: Project name:     mqtt5[0m
[0;32mI (450) app_init: App version:      v5.4.1-dirty[0m
[0;32mI (454) app_init: Compile time:     Jun 27 2025 23:22:57[0m
[0;32mI (459) app_init: ELF file SHA256:  ff253a1a0...[0m
[0;32mI (464) app_init: ESP-IDF:          v5.4.1-dirty[0m
[0;32mI (468) efuse_init: Min chip rev:     v0.0[0m
[0;32mI (472) efuse_init: Max chip rev:     v3.99 [0m
[0;32mI (476) efuse_init: Chip rev:         v3.1[0m
[0;32mI (480) heap_init: Initializing. RAM available for dynamic allocation:[0m
[0;32mI (486) heap_init: At 3FFAE6E0 len 00001920 (6 KiB): DRAM[0m
[0;32mI (491) heap_init: At 3FFB8828 len 000277D8 (157 KiB): DRAM[0m
[0;32mI (496) heap_init: At 3FFE0440 len 00003AE0 (14 KiB): D/IRAM[0m
[0;32mI (502) heap_init: At 3FFE4350 len 0001BCB0 (111 KiB): D/IRAM[0m
[0;32mI (507) heap_init: At 400978D4 len 0000872C (33 KiB): IRAM[0m
[0;32mI (514) spi_flash: detected chip: generic[0m
[0;32mI (516) spi_flash: flash io: dio[0m
[0;33mW (519) spi_flash: Detected size(4096k) larger than the size in the binary image header(2048k). Using the size in the binary image header.[0m
[0;32mI (532) main_task: Started on CPU0[0m
[0;32mI (542) main_task: Calling app_main()[0m
[0;32mI (542) mqtt5_example: [APP] Startup..[0m
[0;32mI (542) mqtt5_example: [APP] Free memory: 277140 bytes[0m
[0;32mI (542) mqtt5_example: [APP] IDF version: v5.4.1-dirty[0m
[0;32mI (562) example_connect: Start example_connect.[0m
[0;32mI (572) wifi:wifi driver task: 3ffc02bc, prio:23, stack:6656, core=0[0m
[0;32mI (572) wifi:wifi firmware version: 79fa3f41ba[0m
[0;32mI (572) wifi:wifi certification version: v7.0[0m
[0;32mI (572) wifi:config NVS flash: enabled[0m
[0;32mI (572) wifi:config nano formatting: disabled[0m
[0;32mI (582) wifi:Init data frame dynamic rx buffer num: 32[0m
[0;32mI (582) wifi:Init static rx mgmt buffer num: 5[0m
[0;32mI (592) wifi:Init management short buffer num: 32[0m
[0;32mI (592) wifi:Init dynamic tx buffer num: 32[0m
[0;32mI (592) wifi:Init static rx buffer size: 1600[0m
[0;32mI (602) wifi:Init static rx buffer num: 10[0m
[0;32mI (602) wifi:Init dynamic rx buffer num: 32[0m
[0;32mI (612) wifi_init: rx ba win: 6[0m
[0;32mI (612) wifi_init: accept mbox: 6[0m
[0;32mI (612) wifi_init: tcpip mbox: 32[0m
[0;32mI (622) wifi_init: udp mbox: 6[0m
[0;32mI (622) wifi_init: tcp mbox: 6[0m
[0;32mI (622) wifi_init: tcp tx win: 5760[0m
[0;32mI (622) wifi_init: tcp rx win: 5760[0m
[0;32mI (632) wifi_init: tcp mss: 1440[0m
[0;32mI (632) wifi_init: WiFi IRAM OP enabled[0m
[0;32mI (632) wifi_init: WiFi RX IRAM OP enabled[0m
[0;32mI (642) phy_init: phy_version 4860,6b7a6e5,Feb  6 2025,14:47:07[0m
[0;32mI (732) wifi:mode : sta (1c:69:20:30:71:e0)[0m
[0;32mI (732) wifi:enable tsf[0m
[0;32mI (732) example_connect: Connecting to myssid...[0m
[0;33mW (732) wifi:Password length matches WPA2 standards, authmode threshold changes from OPEN to WPA2[0m
[0;32mI (742) example_connect: Waiting for IP(s)[0m
[0;32mI (3152) example_connect: Wi-Fi disconnected 201, trying to reconnect...[0m
[0;32mI (5572) example_connect: Wi-Fi disconnected 201, trying to reconnect...[0m
[0;32mI (7982) example_connect: Wi-Fi disconnected 201, trying to reconnect...[0m
[0;32mI (10392) example_connect: Wi-Fi disconnected 201, trying to reconnect...[0m
[0;32mI (12812) example_connect: Wi-Fi disconnected 201, trying to reconnect...[0m
[0;32mI (15222) example_connect: Wi-Fi disconnected 201, trying to reconnect...[0m
[0;32mI (17642) example_connect: WiFi Connect failed 7 times, stop reconnect.[0m

assert failed: spinlock_acquire spinlock.h:142 (lock->count == 0)


Backtrace: 0x40081b3d:0x3ffba730 0x400897c1:0x3ffba750 0x4009150d:0x3ffba770 0x4008a4d2:0x3ffba890 0x4008a09c:0x3ffba8c0 0x400e0704:0x3ffba900 0x400e08ec:0x3ffba920 0x400e01c3:0x3ffbaac0 0x400d9419:0x3ffbaae0 0x4016fea7:0x3ffbab20 0x4008a265:0x3ffbab50




ELF file SHA256: ff253a1a0

Rebooting...
ets Jul 29 2019 12:21:46

rst:0xc (SW_CPU_RESET),boot:0x13 (SPI_FAST_FLASH_BOOT)
configsip: 0, SPIWP:0xee
clk_drv:0x00,q_drv:0x00,d_drv:0x00,cs0_drv:0x00,hd_drv:0x00,wp_drv:0x00
mode:DIO, clock div:2
load:0x3fff0030,len:6276
load:0x40078000,len:15748
load:0x40080400,len:4
ho 8 tail 4 room 4
load:0x40080404,len:3860
entry 0x4008063c
[0;32mI (31) boot: ESP-IDF v5.4.1-dirty 2nd stage bootloader[0m
[0;32mI (31) boot: compile time Jun 27 2025 23:24:48[0m
[0;32mI (31) boot: Multicore bootloader[0m
[0;32mI (33) boot: chip revision: v3.1[0m
[0;32mI (36) boot.esp32: SPI Speed      : 40MHz[0m
[0;32mI (39) boot.esp32: SPI Mode       : DIO[0m
[0;32mI (43) boot.esp32: SPI Flash Size : 2MB[0m
[0;32mI (47) boot: Enabling RNG early entropy source...[0m
[0;32mI (51) boot: Partition Table:[0m
[0;32mI (54) boot: ## Label            Usage          Type ST Offset   Length[0m
[0;32mI (60) boot:  0 nvs              WiFi data        01 02 00009000 00006000[0m
[0;32mI (67) boot:  1 phy_init         RF data          01 01 0000f000 00001000[0m
[0;32mI (73) boot:  2 factory          factory app      00 00 00010000 00100000[0m
[0;32mI (80) boot: End of partition table[0m
[0;32mI (83) esp_image: segment 0: paddr=00010020 vaddr=3f400020 size=1fba8h (129960) map[0m
[0;32mI (135) esp_image: segment 1: paddr=0002fbd0 vaddr=3ff80000 size=0001ch (    28) load[0m
[0;32mI (135) esp_image: segment 2: paddr=0002fbf4 vaddr=3ffb0000 size=00424h (  1060) load[0m
[0;32mI (139) esp_image: segment 3: paddr=00030020 vaddr=400d0020 size=a1c38h (662584) map[0m
[0;32mI (372) esp_image: segment 4: paddr=000d1c60 vaddr=3ffb0424 size=03b6ch ( 15212) load[0m
[0;32mI (378) esp_image: segment 5: paddr=000d57d4 vaddr=40080000 size=178d4h ( 96468) load[0m
[0;32mI (427) boot: Loaded app from partition at offset 0x10000[0m
[0;32mI (427) boot: Disabling RNG early entropy source...[0m
[0;32mI (438) cpu_start: Multicore app[0m
[0;32mI (446) cpu_start: Pro cpu start user code[0m
[0;32mI (446) cpu_start: cpu freq: 160000000 Hz[0m
[0;32mI (446) app_init: Application information:[0m
[0;32mI (446) app_init: Project name:     mqtt5[0m
[0;32mI (450) app_init: App version:      v5.4.1-dirty[0m
[0;32mI (454) app_init: Compile time:     Jun 27 2025 23:22:57[0m
[0;32mI (459) app_init: ELF file SHA256:  ff253a1a0...[0m
[0;32mI (464) app_init: ESP-IDF:          v5.4.1-dirty[0m
[0;32mI (468) efuse_init: Min chip rev:     v0.0[0m
[0;32mI (472) efuse_init: Max chip rev:     v3.99 [0m
[0;32mI (476) efuse_init: Chip rev:         v3.1[0m
[0;32mI (480) heap_init: Initializing. RAM available for dynamic allocation:[0m
[0;32mI (486) heap_init: At 3FFAE6E0 len 00001920 (6 KiB): DRAM[0m
[0;32mI (491) heap_init: At 3FFB8828 len 000277D8 (157 KiB): DRAM[0m
[0;32mI (496) heap_init: At 3FFE0440 len 00003AE0 (14 KiB): D/IRAM[0m
[0;32mI (502) heap_init: At 3FFE4350 len 0001BCB0 (111 KiB): D/IRAM[0m
[0;32mI (507) heap_init: At 400978D4 len 0000872C (33 KiB): IRAM[0m
[0;32mI (514) spi_flash: detected chip: generic[0m
[0;32mI (516) spi_flash: flash io: dio[0m
[0;33mW (519) spi_flash: Detected size(4096k) larger than the size in the binary image header(2048k). Using the size in the binary image header.[0m
[0;32mI (532) main_task: Started on CPU0[0m
[0;32mI (542) main_task: Calling app_main()[0m
[0;32mI (542) mqtt5_example: [APP] Startup..[0m
[0;32mI (542) mqtt5_example: [APP] Free memory: 277140 bytes[0m
[0;32mI (542) mqtt5_example: [APP] IDF version: v5.4.1-dirty[0m
[0;32mI (562) example_connect: Start example_connect.[0m
[0;32mI (572) wifi:wifi driver task: 3ffc02bc, prio:23, stack:6656, core=0[0m
[0;32mI (572) wifi:wifi firmware version: 79fa3f41ba[0m
[0;32mI (572) wifi:wifi certification version: v7.0[0m
[0;32mI (572) wifi:config NVS flash: enabled[0m
[0;32mI (572) wifi:config nano formatting: disabled[0m
[0;32mI (582) wifi:Init data frame dynamic rx buffer num: 32[0m
[0;32mI (582) wifi:Init static rx mgmt buffer num: 5[0m
[0;32mI (592) wifi:Init management short buffer num: 32[0m
[0;32mI (592) wifi:Init dynamic tx buffer num: 32[0m
[0;32mI (592) wifi:Init static rx buffer size: 1600[0m
[0;32mI (602) wifi:Init static rx buffer num: 10[0m
[0;32mI (602) wifi:Init dynamic rx buffer num: 32[0m
[0;32mI (612) wifi_init: rx ba win: 6[0m
[0;32mI (612) wifi_init: accept mbox: 6[0m
[0;32mI (612) wifi_init: tcpip mbox: 32[0m
[0;32mI (622) wifi_init: udp mbox: 6[0m
[0;32mI (622) wifi_init: tcp mbox: 6[0m
[0;32mI (622) wifi_init: tcp tx win: 5760[0m
[0;32mI (622) wifi_init: tcp rx win: 5760[0m
[0;32mI (632) wifi_init: tcp mss: 1440[0m
[0;32mI (632) wifi_init: WiFi IRAM OP enabled[0m
[0;32mI (632) wifi_init: WiFi RX IRAM OP enabled[0m
[0;32mI (642) phy_init: phy_version 4860,6b7a6e5,Feb  6 2025,14:47:07[0m
[0;32mI (732) wifi:mode : sta (1c:69:20:30:71:e0)[0m
[0;32mI (732) wifi:enable tsf[0m
[0;32mI (732) example_connect: Connecting to myssid...[0m
[0;33mW (732) wifi:Password length matches WPA2 standards, authmode threshold changes from OPEN to WPA2[0m
[0;32mI (742) example_connect: Waiting for IP(s)[0m
[0;32mI (3152) example_connect: Wi-Fi disconnected 201, trying to reconnect...[0m
[0;32mI (5572) example_connect: Wi-Fi disconnected 201, trying to reconnect...[0m
[0;32mI (7982) example_connect: Wi-Fi disconnected 201, trying to reconnect...[0m
[0;32mI (10402) example_connect: Wi-Fi disconnected 201, trying to reconnect...[0m
[0;32mI (12812) example_connect: Wi-Fi disconnected 201, trying to reconnect...[0m
[0;32mI (15222) example_connect: Wi-Fi disconnected 201, trying to reconnect...[0m
[0;32mI (17642) example_connect: WiFi Connect failed 7 times, stop reconnect.[0m

assert failed: spinlock_acquire spinlock.h:142 (lock->count == 0)


Backtrace: 0x40081b3d:0x3ffba730 0x400897c1:0x3ffba750 0x4009150d:0x3ffba770 0x4008a4d2:0x3ffba890 0x4008a09c:0x3ffba8c0 0x400e0704:0x3ffba900 0x400e08ec:0x3ffba920 0x400e01c3:0x3ffbaac0 0x400d9419:0x3ffbaae0 0x4016fea7:0x3ffbab20 0x4008a265:0x3ffbab50




ELF file SHA256: ff253a1a0

Rebooting...
ets Jul 29 2019 12:21:46

rst:0xc (SW_CPU_RESET),boot:0x13 (SPI_FAST_FLASH_BOOT)
configsip: 0, SPIWP:0xee
clk_drv:0x00,q_drv:0x00,d_drv:0x00,cs0_drv:0x00,hd_drv:0x00,wp_drv:0x00
mode:DIO, clock div:2
load:0x3fff0030,len:6276
load:0x40078000,len:15748
load:0x40080400,len:4
ho 8 tail 4 room 4
load:0x40080404,len:3860
entry 0x4008063c
[0;32mI (31) boot: ESP-IDF v5.4.1-dirty 2nd stage bootloader[0m
[0;32mI (31) boot: compile time Jun 27 2025 23:24:48[0m
[0;32mI (31) boot: Multicore bootloader[0m
[0;32mI (33) boot: chip revision: v3.1[0m
[0;32mI (36) boot.esp32: SPI Speed      : 40MHz[0m
[0;32mI (39) boot.esp32: SPI Mode       : DIO[0m
[0;32mI (43) boot.esp32: SPI Flash Size : 2MB[0m
[0;32mI (47) boot: Enabling RNG early entropy source...[0m
[0;32mI (51) boot: Partition Table:[0m
[0;32mI (54) boot: ## Label            Usage          Type ST Offset   Length[0m
[0;32mI (60) boot:  0 nvs              WiFi data        01 02 00009000 00006000[0m
[0;32mI (67) boot:  1 phy_init         RF data          01 01 0000f000 00001000[0m
[0;32mI (73) boot:  2 factory          factory app      00 00 00010000 00100000[0m
[0;32mI (80) boot: End of partition table[0m
[0;32mI (83) esp_image: segment 0: paddr=00010020 vaddr=3f400020 size=1fba8h (129960) map[0m
[0;32mI (135) esp_image: segment 1: paddr=0002fbd0 vaddr=3ff80000 size=0001ch (    28) load[0m
[0;32mI (135) esp_image: segment 2: paddr=0002fbf4 vaddr=3ffb0000 size=00424h (  1060) load[0m
[0;32mI (139) esp_image: segment 3: paddr=00030020 vaddr=400d0020 size=a1c38h (662584) map[0m
[0;32mI (372) esp_image: segment 4: paddr=000d1c60 vaddr=3ffb0424 size=03b6ch ( 15212) load[0m
[0;32mI (378) esp_image: segment 5: paddr=000d57d4 vaddr=40080000 size=178d4h ( 96468) load[0m
[0;32mI (427) boot: Loaded app from partition at offset 0x10000[0m
[0;32mI (427) boot: Disabling RNG early entropy source...[0m
[0;32mI (438) cpu_start: Multicore app[0m
[0;32mI (446) cpu_start: Pro cpu start user code[0m
[0;32mI (446) cpu_start: cpu freq: 160000000 Hz[0m
[0;32mI (446) app_init: Application information:[0m
[0;32mI (446) app_init: Project name:     mqtt5[0m
[0;32mI (450) app_init: App version:      v5.4.1-dirty[0m
[0;32mI (454) app_init: Compile time:     Jun 27 2025 23:22:57[0m
[0;32mI (459) app_init: ELF file SHA256:  ff253a1a0...[0m
[0;32mI (464) app_init: ESP-IDF:          v5.4.1-dirty[0m
[0;32mI (468) efuse_init: Min chip rev:     v0.0[0m
[0;32mI (472) efuse_init: Max chip rev:     v3.99 [0m
[0;32mI (476) efuse_init: Chip rev:         v3.1[0m
[0;32mI (480) heap_init: Initializing. RAM available for dynamic allocation:[0m
[0;32mI (486) heap_init: At 3FFAE6E0 len 00001920 (6 KiB): DRAM[0m
[0;32mI (491) heap_init: At 3FFB8828 len 000277D8 (157 KiB): DRAM[0m
[0;32mI (496) heap_init: At 3FFE0440 len 00003AE0 (14 KiB): D/IRAM[0m
[0;32mI (502) heap_init: At 3FFE4350 len 0001BCB0 (111 KiB): D/IRAM[0m
[0;32mI (507) heap_init: At 400978D4 len 0000872C (33 KiB): IRAM[0m
[0;32mI (514) spi_flash: detected chip: generic[0m
[0;32mI (516) spi_flash: flash io: dio[0m
[0;33mW (519) spi_flash: Detected size(4096k) larger than the size in the binary image header(2048k). Using the size in the binary image header.[0m
[0;32mI (532) main_task: Started on CPU0[0m
[0;32mI (542) main_task: Calling app_main()[0m
[0;32mI (542) mqtt5_example: [APP] Startup..[0m
[0;32mI (542) mqtt5_example: [APP] Free memory: 277140 bytes[0m
[0;32mI (542) mqtt5_example: [APP] IDF version: v5.4.1-dirty[0m
[0;32mI (562) example_connect: Start example_connect.[0m
[0;32mI (572) wifi:wifi driver task: 3ffc02bc, prio:23, stack:6656, core=0[0m
[0;32mI (572) wifi:wifi firmware version: 79fa3f41ba[0m
[0;32mI (572) wifi:wifi certification version: v7.0[0m
[0;32mI (572) wifi:config NVS flash: enabled[0m
[0;32mI (572) wifi:config nano formatting: disabled[0m
[0;32mI (582) wifi:Init data frame dynamic rx buffer num: 32[0m
[0;32mI (582) wifi:Init static rx mgmt buffer num: 5[0m
[0;32mI (592) wifi:Init management short buffer num: 32[0m
[0;32mI (592) wifi:Init dynamic tx buffer num: 32[0m
[0;32mI (592) wifi:Init static rx buffer size: 1600[0m
[0;32mI (602) wifi:Init static rx buffer num: 10[0m
[0;32mI (602) wifi:Init dynamic rx buffer num: 32[0m
[0;32mI (612) wifi_init: rx ba win: 6[0m
[0;32mI (612) wifi_init: accept mbox: 6[0m
[0;32mI (612) wifi_init: tcpip mbox: 32[0m
[0;32mI (622) wifi_init: udp mbox: 6[0m
[0;32mI (622) wifi_init: tcp mbox: 6[0m
[0;32mI (622) wifi_init: tcp tx win: 5760[0m
[0;32mI (622) wifi_init: tcp rx win: 5760[0m
[0;32mI (632) wifi_init: tcp mss: 1440[0m
[0;32mI (632) wifi_init: WiFi IRAM OP enabled[0m
[0;32mI (632) wifi_init: WiFi RX IRAM OP enabled[0m
[0;32mI (642) phy_init: phy_version 4860,6b7a6e5,Feb  6 2025,14:47:07[0m
[0;32mI (732) wifi:mode : sta (1c:69:20:30:71:e0)[0m
[0;32mI (732) wifi:enable tsf[0m
[0;32mI (732) example_connect: Connecting to myssid...[0m
[0;33mW (732) wifi:Password length matches WPA2 standards, authmode threshold changes from OPEN to WPA2[0m
[0;32mI (742) example_connect: Waiting for IP(s)[0m
[0;32mI (3152) example_connect: Wi-Fi disconnected 201, trying to reconnect...[0m
[0;32mI (5572) example_connect: Wi-Fi disconnected 201, trying to reconnect...[0m
[0;32mI (7982) example_connect: Wi-Fi disconnected 201, trying to reconnect...[0m
[0;32mI (10402) example_connect: Wi-Fi disconnected 201, trying to reconnect...[0m
[0;32mI (12812) example_connect: Wi-Fi disconnected 201, trying to reconnect...[0m
[0;32mI (15232) example_connect: Wi-Fi disconnected 201, trying to reconnect...[0m
[0;32mI (17642) example_connect: WiFi Connect failed 7 times, stop reconnect.[0m

assert failed: spinlock_acquire spinlock.h:142 (lock->count == 0)


Backtrace: 0x40081b3d:0x3ffba730 0x400897c1:0x3ffba750 0x4009150d:0x3ffba770 0x4008a4d2:0x3ffba890 0x4008a09c:0x3ffba8c0 0x400e0704:0x3ffba900 0x400e08ec:0x3ffba920 0x400e01c3:0x3ffbaac0 0x400d9419:0x3ffbaae0 0x4016fea7:0x3ffbab20 0x4008a265:0x3ffbab50




ELF file SHA256: ff253a1a0

Rebooting...
ets Jul 29 2019 12:21:46

rst:0xc (SW_CPU_RESET),boot:0x13 (SPI_FAST_FLASH_BOOT)
configsip: 0, SPIWP:0xee
clk_drv:0x00,q_drv:0x00,d_drv:0x00,cs0_drv:0x00,hd_drv:0x00,wp_drv:0x00
mode:DIO, clock div:2
load:0x3fff0030,len:6276
load:0x40078000,len:15748
load:0x40080400,len:4
ho 8 tail 4 room 4
load:0x40080404,len:3860
entry 0x4008063c
[0;32mI (31) boot: ESP-IDF v5.4.1-dirty 2nd stage bootloader[0m
[0;32mI (31) boot: compile time Jun 27 2025 23:24:48[0m
[0;32mI (31) boot: Multicore bootloader[0m
[0;32mI (33) boot: chip revision: v3.1[0m
[0;32mI (36) boot.esp32: SPI Speed      : 40MHz[0m
[0;32mI (39) boot.esp32: SPI Mode       : DIO[0m
[0;32mI (43) boot.esp32: SPI Flash Size : 2MB[0m
[0;32mI (47) boot: Enabling RNG early entropy source...[0m
[0;32mI (51) boot: Partition Table:[0m
[0;32mI (54) boot: ## Label            Usage          Type ST Offset   Length[0m
[0;32mI (60) boot:  0 nvs              WiFi data        01 02 00009000 00006000[0m
[0;32mI (67) boot:  1 phy_init         RF data          01 01 0000f000 00001000[0m
[0;32mI (73) boot:  2 factory          factory app      00 00 00010000 00100000[0m
[0;32mI (80) boot: End of partition table[0m
[0;32mI (83) esp_image: segment 0: paddr=00010020 vaddr=3f400020 size=1fba8h (129960) map[0m
[0;32mI (135) esp_image: segment 1: paddr=0002fbd0 vaddr=3ff80000 size=0001ch (    28) load[0m
[0;32mI (135) esp_image: segment 2: paddr=0002fbf4 vaddr=3ffb0000 size=00424h (  1060) load[0m
[0;32mI (139) esp_image: segment 3: paddr=00030020 vaddr=400d0020 size=a1c38h (662584) map[0m
[0;32mI (372) esp_image: segment 4: paddr=000d1c60 vaddr=3ffb0424 size=03b6ch ( 15212) load[0m
[0;32mI (378) esp_image: segment 5: paddr=000d57d4 vaddr=40080000 size=178d4h ( 96468) load[0m
[0;32mI (427) boot: Loaded app from partition at offset 0x10000[0m
[0;32mI (427) boot: Disabling RNG early entropy source...[0m
[0;32mI (438) cpu_start: Multicore app[0m
[0;32mI (446) cpu_start: Pro cpu start user code[0m
[0;32mI (446) cpu_start: cpu freq: 160000000 Hz[0m
[0;32mI (446) app_init: Application information:[0m
[0;32mI (446) app_init: Project name:     mqtt5[0m
[0;32mI (450) app_init: App version:      v5.4.1-dirty[0m
[0;32mI (454) app_init: Compile time:     Jun 27 2025 23:22:57[0m
[0;32mI (459) app_init: ELF file SHA256:  ff253a1a0...[0m
